Archive member included to satisfy reference by file (symbol)

c:/program files (x86)/atmel/studio/7.0/toolchain/avr8/avr8-gnu-toolchain/bin/../lib/gcc/avr/5.4.0/avr4\libgcc.a(_divmodhi4.o)
                              Logic/display_extensions.o (__divmodhi4)
c:/program files (x86)/atmel/studio/7.0/toolchain/avr8/avr8-gnu-toolchain/bin/../lib/gcc/avr/5.4.0/avr4\libgcc.a(_divmodsi4.o)
                              External/I2C.o (__divmodsi4)
c:/program files (x86)/atmel/studio/7.0/toolchain/avr8/avr8-gnu-toolchain/bin/../lib/gcc/avr/5.4.0/avr4\libgcc.a(_negsi2.o)
                              c:/program files (x86)/atmel/studio/7.0/toolchain/avr8/avr8-gnu-toolchain/bin/../lib/gcc/avr/5.4.0/avr4\libgcc.a(_divmodsi4.o) (__negsi2)
c:/program files (x86)/atmel/studio/7.0/toolchain/avr8/avr8-gnu-toolchain/bin/../lib/gcc/avr/5.4.0/avr4\libgcc.a(_exit.o)
                              C:/Program Files (x86)/Atmel/Studio/7.0/Packs/atmel/ATmega_DFP/1.3.300/gcc/dev/atmega88p/avr4/crtatmega88p.o (exit)
c:/program files (x86)/atmel/studio/7.0/toolchain/avr8/avr8-gnu-toolchain/bin/../lib/gcc/avr/5.4.0/avr4\libgcc.a(_copy_data.o)
                              Logic/display_extensions.o (__do_copy_data)
c:/program files (x86)/atmel/studio/7.0/toolchain/avr8/avr8-gnu-toolchain/bin/../lib/gcc/avr/5.4.0/avr4\libgcc.a(_clear_bss.o)
                              External/display.o (__do_clear_bss)
c:/program files (x86)/atmel/studio/7.0/toolchain/avr8/avr8-gnu-toolchain/bin/../lib/gcc/avr/5.4.0/avr4\libgcc.a(_udivmodhi4.o)
                              c:/program files (x86)/atmel/studio/7.0/toolchain/avr8/avr8-gnu-toolchain/bin/../lib/gcc/avr/5.4.0/avr4\libgcc.a(_divmodhi4.o) (__udivmodhi4)
c:/program files (x86)/atmel/studio/7.0/toolchain/avr8/avr8-gnu-toolchain/bin/../lib/gcc/avr/5.4.0/avr4\libgcc.a(_udivmodsi4.o)
                              c:/program files (x86)/atmel/studio/7.0/toolchain/avr8/avr8-gnu-toolchain/bin/../lib/gcc/avr/5.4.0/avr4\libgcc.a(_divmodsi4.o) (__udivmodsi4)
c:/program files (x86)/atmel/studio/7.0/toolchain/avr8/avr8-gnu-toolchain/bin/../lib/gcc/avr/5.4.0/../../../../avr/lib/avr4\libc.a(sprintf.o)
                              Logic/display_extensions.o (sprintf)
c:/program files (x86)/atmel/studio/7.0/toolchain/avr8/avr8-gnu-toolchain/bin/../lib/gcc/avr/5.4.0/../../../../avr/lib/avr4\libc.a(vfprintf_std.o)
                              c:/program files (x86)/atmel/studio/7.0/toolchain/avr8/avr8-gnu-toolchain/bin/../lib/gcc/avr/5.4.0/../../../../avr/lib/avr4\libc.a(sprintf.o) (vfprintf)
c:/program files (x86)/atmel/studio/7.0/toolchain/avr8/avr8-gnu-toolchain/bin/../lib/gcc/avr/5.4.0/../../../../avr/lib/avr4\libc.a(strnlen_P.o)
                              c:/program files (x86)/atmel/studio/7.0/toolchain/avr8/avr8-gnu-toolchain/bin/../lib/gcc/avr/5.4.0/../../../../avr/lib/avr4\libc.a(vfprintf_std.o) (strnlen_P)
c:/program files (x86)/atmel/studio/7.0/toolchain/avr8/avr8-gnu-toolchain/bin/../lib/gcc/avr/5.4.0/../../../../avr/lib/avr4\libc.a(strnlen.o)
                              c:/program files (x86)/atmel/studio/7.0/toolchain/avr8/avr8-gnu-toolchain/bin/../lib/gcc/avr/5.4.0/../../../../avr/lib/avr4\libc.a(vfprintf_std.o) (strnlen)
c:/program files (x86)/atmel/studio/7.0/toolchain/avr8/avr8-gnu-toolchain/bin/../lib/gcc/avr/5.4.0/../../../../avr/lib/avr4\libc.a(fputc.o)
                              c:/program files (x86)/atmel/studio/7.0/toolchain/avr8/avr8-gnu-toolchain/bin/../lib/gcc/avr/5.4.0/../../../../avr/lib/avr4\libc.a(vfprintf_std.o) (fputc)
c:/program files (x86)/atmel/studio/7.0/toolchain/avr8/avr8-gnu-toolchain/bin/../lib/gcc/avr/5.4.0/../../../../avr/lib/avr4\libc.a(ultoa_invert.o)
                              c:/program files (x86)/atmel/studio/7.0/toolchain/avr8/avr8-gnu-toolchain/bin/../lib/gcc/avr/5.4.0/../../../../avr/lib/avr4\libc.a(vfprintf_std.o) (__ultoa_invert)
c:/program files (x86)/atmel/studio/7.0/toolchain/avr8/avr8-gnu-toolchain/bin/../lib/gcc/avr/5.4.0/avr4\libgcc.a(_prologue.o)
                              c:/program files (x86)/atmel/studio/7.0/toolchain/avr8/avr8-gnu-toolchain/bin/../lib/gcc/avr/5.4.0/../../../../avr/lib/avr4\libc.a(sprintf.o) (__prologue_saves__)
c:/program files (x86)/atmel/studio/7.0/toolchain/avr8/avr8-gnu-toolchain/bin/../lib/gcc/avr/5.4.0/avr4\libgcc.a(_epilogue.o)
                              c:/program files (x86)/atmel/studio/7.0/toolchain/avr8/avr8-gnu-toolchain/bin/../lib/gcc/avr/5.4.0/../../../../avr/lib/avr4\libc.a(sprintf.o) (__epilogue_restores__)

Allocating common symbols
Common symbol       size              file

ssd1306tx_font_char_base
                    0x1               External/display.o
ssd1306tx_font_src  0x2               External/display.o

Discarded input sections

 .data          0x00000000        0x0 C:/Program Files (x86)/Atmel/Studio/7.0/Packs/atmel/ATmega_DFP/1.3.300/gcc/dev/atmega88p/avr4/crtatmega88p.o
 .bss           0x00000000        0x0 C:/Program Files (x86)/Atmel/Studio/7.0/Packs/atmel/ATmega_DFP/1.3.300/gcc/dev/atmega88p/avr4/crtatmega88p.o
 .text          0x00000000        0x0 External/display.o
 .data          0x00000000        0x0 External/display.o
 .bss           0x00000000        0x0 External/display.o
 .text.ssd1306_fill4
                0x00000000       0x5c External/display.o
 .text.ssd1306_data_byte
                0x00000000        0x6 External/display.o
 .text.ssd1306tx_char
                0x00000000       0x4e External/display.o
 .text.ssd1306tx_string
                0x00000000       0x1c External/display.o
 .text          0x00000000        0x0 External/I2C.o
 .data          0x00000000        0x0 External/I2C.o
 .bss           0x00000000        0x0 External/I2C.o
 .text.I2C_read
                0x00000000       0x1e External/I2C.o
 .text          0x00000000        0x0 Logic/buzzer.o
 .data          0x00000000        0x0 Logic/buzzer.o
 .bss           0x00000000        0x0 Logic/buzzer.o
 .text.play_alarm_sound
                0x00000000       0x1c Logic/buzzer.o
 .text.play_timer_sound
                0x00000000       0x4c Logic/buzzer.o
 .debug_info    0x00000000      0x1c4 Logic/buzzer.o
 .debug_abbrev  0x00000000       0xde Logic/buzzer.o
 .debug_loc     0x00000000      0x120 Logic/buzzer.o
 .debug_aranges
                0x00000000       0x28 Logic/buzzer.o
 .debug_ranges  0x00000000       0x18 Logic/buzzer.o
 .debug_line    0x00000000      0x157 Logic/buzzer.o
 .debug_str     0x00000000      0x1c2 Logic/buzzer.o
 .comment       0x00000000       0x31 Logic/buzzer.o
 .debug_frame   0x00000000       0x34 Logic/buzzer.o
 .text          0x00000000        0x0 Logic/display_extensions.o
 .data          0x00000000        0x0 Logic/display_extensions.o
 .bss           0x00000000        0x0 Logic/display_extensions.o
 .text.draw_new_string
                0x00000000       0x2a Logic/display_extensions.o
 .text          0x00000000        0x0 Logic/menu.o
 .data          0x00000000        0x0 Logic/menu.o
 .bss           0x00000000        0x0 Logic/menu.o
 .text.welcome  0x00000000        0xe Logic/menu.o
 .text.temperature_view
                0x00000000        0xe Logic/menu.o
 .text          0x00000000        0x0 Logic/time.o
 .data          0x00000000        0x0 Logic/time.o
 .bss           0x00000000        0x0 Logic/time.o
 .text.subtract_second
                0x00000000        0xa Logic/time.o
 .text.add_number
                0x00000000        0xe Logic/time.o
 .text.subtract_number
                0x00000000        0xa Logic/time.o
 .text          0x00000000        0x0 main.o
 .data          0x00000000        0x0 main.o
 .bss           0x00000000        0x0 main.o
 .text          0x00000000        0x0 Views/alarm.o
 .data          0x00000000        0x0 Views/alarm.o
 .bss           0x00000000        0x0 Views/alarm.o
 .text          0x00000000        0x0 Views/clock.o
 .data          0x00000000        0x0 Views/clock.o
 .bss           0x00000000        0x0 Views/clock.o
 .text          0x00000000        0x0 Views/temperature.o
 .data          0x00000000        0x0 Views/temperature.o
 .bss           0x00000000        0x0 Views/temperature.o
 .text          0x00000000        0x0 Views/timer.o
 .data          0x00000000        0x0 Views/timer.o
 .bss           0x00000000        0x0 Views/timer.o
 .text          0x00000000        0x0 c:/program files (x86)/atmel/studio/7.0/toolchain/avr8/avr8-gnu-toolchain/bin/../lib/gcc/avr/5.4.0/avr4\libgcc.a(_divmodhi4.o)
 .data          0x00000000        0x0 c:/program files (x86)/atmel/studio/7.0/toolchain/avr8/avr8-gnu-toolchain/bin/../lib/gcc/avr/5.4.0/avr4\libgcc.a(_divmodhi4.o)
 .bss           0x00000000        0x0 c:/program files (x86)/atmel/studio/7.0/toolchain/avr8/avr8-gnu-toolchain/bin/../lib/gcc/avr/5.4.0/avr4\libgcc.a(_divmodhi4.o)
 .text.libgcc.mul
                0x00000000        0x0 c:/program files (x86)/atmel/studio/7.0/toolchain/avr8/avr8-gnu-toolchain/bin/../lib/gcc/avr/5.4.0/avr4\libgcc.a(_divmodhi4.o)
 .text.libgcc   0x00000000        0x0 c:/program files (x86)/atmel/studio/7.0/toolchain/avr8/avr8-gnu-toolchain/bin/../lib/gcc/avr/5.4.0/avr4\libgcc.a(_divmodhi4.o)
 .text.libgcc.prologue
                0x00000000        0x0 c:/program files (x86)/atmel/studio/7.0/toolchain/avr8/avr8-gnu-toolchain/bin/../lib/gcc/avr/5.4.0/avr4\libgcc.a(_divmodhi4.o)
 .text.libgcc.builtins
                0x00000000        0x0 c:/program files (x86)/atmel/studio/7.0/toolchain/avr8/avr8-gnu-toolchain/bin/../lib/gcc/avr/5.4.0/avr4\libgcc.a(_divmodhi4.o)
 .text.libgcc.fmul
                0x00000000        0x0 c:/program files (x86)/atmel/studio/7.0/toolchain/avr8/avr8-gnu-toolchain/bin/../lib/gcc/avr/5.4.0/avr4\libgcc.a(_divmodhi4.o)
 .text.libgcc.fixed
                0x00000000        0x0 c:/program files (x86)/atmel/studio/7.0/toolchain/avr8/avr8-gnu-toolchain/bin/../lib/gcc/avr/5.4.0/avr4\libgcc.a(_divmodhi4.o)
 .text          0x00000000        0x0 c:/program files (x86)/atmel/studio/7.0/toolchain/avr8/avr8-gnu-toolchain/bin/../lib/gcc/avr/5.4.0/avr4\libgcc.a(_divmodsi4.o)
 .data          0x00000000        0x0 c:/program files (x86)/atmel/studio/7.0/toolchain/avr8/avr8-gnu-toolchain/bin/../lib/gcc/avr/5.4.0/avr4\libgcc.a(_divmodsi4.o)
 .bss           0x00000000        0x0 c:/program files (x86)/atmel/studio/7.0/toolchain/avr8/avr8-gnu-toolchain/bin/../lib/gcc/avr/5.4.0/avr4\libgcc.a(_divmodsi4.o)
 .text.libgcc.mul
                0x00000000        0x0 c:/program files (x86)/atmel/studio/7.0/toolchain/avr8/avr8-gnu-toolchain/bin/../lib/gcc/avr/5.4.0/avr4\libgcc.a(_divmodsi4.o)
 .text.libgcc   0x00000000        0x0 c:/program files (x86)/atmel/studio/7.0/toolchain/avr8/avr8-gnu-toolchain/bin/../lib/gcc/avr/5.4.0/avr4\libgcc.a(_divmodsi4.o)
 .text.libgcc.prologue
                0x00000000        0x0 c:/program files (x86)/atmel/studio/7.0/toolchain/avr8/avr8-gnu-toolchain/bin/../lib/gcc/avr/5.4.0/avr4\libgcc.a(_divmodsi4.o)
 .text.libgcc.builtins
                0x00000000        0x0 c:/program files (x86)/atmel/studio/7.0/toolchain/avr8/avr8-gnu-toolchain/bin/../lib/gcc/avr/5.4.0/avr4\libgcc.a(_divmodsi4.o)
 .text.libgcc.fmul
                0x00000000        0x0 c:/program files (x86)/atmel/studio/7.0/toolchain/avr8/avr8-gnu-toolchain/bin/../lib/gcc/avr/5.4.0/avr4\libgcc.a(_divmodsi4.o)
 .text.libgcc.fixed
                0x00000000        0x0 c:/program files (x86)/atmel/studio/7.0/toolchain/avr8/avr8-gnu-toolchain/bin/../lib/gcc/avr/5.4.0/avr4\libgcc.a(_divmodsi4.o)
 .text          0x00000000        0x0 c:/program files (x86)/atmel/studio/7.0/toolchain/avr8/avr8-gnu-toolchain/bin/../lib/gcc/avr/5.4.0/avr4\libgcc.a(_negsi2.o)
 .data          0x00000000        0x0 c:/program files (x86)/atmel/studio/7.0/toolchain/avr8/avr8-gnu-toolchain/bin/../lib/gcc/avr/5.4.0/avr4\libgcc.a(_negsi2.o)
 .bss           0x00000000        0x0 c:/program files (x86)/atmel/studio/7.0/toolchain/avr8/avr8-gnu-toolchain/bin/../lib/gcc/avr/5.4.0/avr4\libgcc.a(_negsi2.o)
 .text.libgcc.mul
                0x00000000        0x0 c:/program files (x86)/atmel/studio/7.0/toolchain/avr8/avr8-gnu-toolchain/bin/../lib/gcc/avr/5.4.0/avr4\libgcc.a(_negsi2.o)
 .text.libgcc   0x00000000        0x0 c:/program files (x86)/atmel/studio/7.0/toolchain/avr8/avr8-gnu-toolchain/bin/../lib/gcc/avr/5.4.0/avr4\libgcc.a(_negsi2.o)
 .text.libgcc.prologue
                0x00000000        0x0 c:/program files (x86)/atmel/studio/7.0/toolchain/avr8/avr8-gnu-toolchain/bin/../lib/gcc/avr/5.4.0/avr4\libgcc.a(_negsi2.o)
 .text.libgcc.builtins
                0x00000000        0x0 c:/program files (x86)/atmel/studio/7.0/toolchain/avr8/avr8-gnu-toolchain/bin/../lib/gcc/avr/5.4.0/avr4\libgcc.a(_negsi2.o)
 .text.libgcc.fmul
                0x00000000        0x0 c:/program files (x86)/atmel/studio/7.0/toolchain/avr8/avr8-gnu-toolchain/bin/../lib/gcc/avr/5.4.0/avr4\libgcc.a(_negsi2.o)
 .text.libgcc.fixed
                0x00000000        0x0 c:/program files (x86)/atmel/studio/7.0/toolchain/avr8/avr8-gnu-toolchain/bin/../lib/gcc/avr/5.4.0/avr4\libgcc.a(_negsi2.o)
 .text          0x00000000        0x0 c:/program files (x86)/atmel/studio/7.0/toolchain/avr8/avr8-gnu-toolchain/bin/../lib/gcc/avr/5.4.0/avr4\libgcc.a(_exit.o)
 .data          0x00000000        0x0 c:/program files (x86)/atmel/studio/7.0/toolchain/avr8/avr8-gnu-toolchain/bin/../lib/gcc/avr/5.4.0/avr4\libgcc.a(_exit.o)
 .bss           0x00000000        0x0 c:/program files (x86)/atmel/studio/7.0/toolchain/avr8/avr8-gnu-toolchain/bin/../lib/gcc/avr/5.4.0/avr4\libgcc.a(_exit.o)
 .text.libgcc.mul
                0x00000000        0x0 c:/program files (x86)/atmel/studio/7.0/toolchain/avr8/avr8-gnu-toolchain/bin/../lib/gcc/avr/5.4.0/avr4\libgcc.a(_exit.o)
 .text.libgcc.div
                0x00000000        0x0 c:/program files (x86)/atmel/studio/7.0/toolchain/avr8/avr8-gnu-toolchain/bin/../lib/gcc/avr/5.4.0/avr4\libgcc.a(_exit.o)
 .text.libgcc   0x00000000        0x0 c:/program files (x86)/atmel/studio/7.0/toolchain/avr8/avr8-gnu-toolchain/bin/../lib/gcc/avr/5.4.0/avr4\libgcc.a(_exit.o)
 .text.libgcc.prologue
                0x00000000        0x0 c:/program files (x86)/atmel/studio/7.0/toolchain/avr8/avr8-gnu-toolchain/bin/../lib/gcc/avr/5.4.0/avr4\libgcc.a(_exit.o)
 .text.libgcc.builtins
                0x00000000        0x0 c:/program files (x86)/atmel/studio/7.0/toolchain/avr8/avr8-gnu-toolchain/bin/../lib/gcc/avr/5.4.0/avr4\libgcc.a(_exit.o)
 .text.libgcc.fmul
                0x00000000        0x0 c:/program files (x86)/atmel/studio/7.0/toolchain/avr8/avr8-gnu-toolchain/bin/../lib/gcc/avr/5.4.0/avr4\libgcc.a(_exit.o)
 .text.libgcc.fixed
                0x00000000        0x0 c:/program files (x86)/atmel/studio/7.0/toolchain/avr8/avr8-gnu-toolchain/bin/../lib/gcc/avr/5.4.0/avr4\libgcc.a(_exit.o)
 .text          0x00000000        0x0 c:/program files (x86)/atmel/studio/7.0/toolchain/avr8/avr8-gnu-toolchain/bin/../lib/gcc/avr/5.4.0/avr4\libgcc.a(_copy_data.o)
 .data          0x00000000        0x0 c:/program files (x86)/atmel/studio/7.0/toolchain/avr8/avr8-gnu-toolchain/bin/../lib/gcc/avr/5.4.0/avr4\libgcc.a(_copy_data.o)
 .bss           0x00000000        0x0 c:/program files (x86)/atmel/studio/7.0/toolchain/avr8/avr8-gnu-toolchain/bin/../lib/gcc/avr/5.4.0/avr4\libgcc.a(_copy_data.o)
 .text.libgcc.mul
                0x00000000        0x0 c:/program files (x86)/atmel/studio/7.0/toolchain/avr8/avr8-gnu-toolchain/bin/../lib/gcc/avr/5.4.0/avr4\libgcc.a(_copy_data.o)
 .text.libgcc.div
                0x00000000        0x0 c:/program files (x86)/atmel/studio/7.0/toolchain/avr8/avr8-gnu-toolchain/bin/../lib/gcc/avr/5.4.0/avr4\libgcc.a(_copy_data.o)
 .text.libgcc   0x00000000        0x0 c:/program files (x86)/atmel/studio/7.0/toolchain/avr8/avr8-gnu-toolchain/bin/../lib/gcc/avr/5.4.0/avr4\libgcc.a(_copy_data.o)
 .text.libgcc.prologue
                0x00000000        0x0 c:/program files (x86)/atmel/studio/7.0/toolchain/avr8/avr8-gnu-toolchain/bin/../lib/gcc/avr/5.4.0/avr4\libgcc.a(_copy_data.o)
 .text.libgcc.builtins
                0x00000000        0x0 c:/program files (x86)/atmel/studio/7.0/toolchain/avr8/avr8-gnu-toolchain/bin/../lib/gcc/avr/5.4.0/avr4\libgcc.a(_copy_data.o)
 .text.libgcc.fmul
                0x00000000        0x0 c:/program files (x86)/atmel/studio/7.0/toolchain/avr8/avr8-gnu-toolchain/bin/../lib/gcc/avr/5.4.0/avr4\libgcc.a(_copy_data.o)
 .text.libgcc.fixed
                0x00000000        0x0 c:/program files (x86)/atmel/studio/7.0/toolchain/avr8/avr8-gnu-toolchain/bin/../lib/gcc/avr/5.4.0/avr4\libgcc.a(_copy_data.o)
 .text          0x00000000        0x0 c:/program files (x86)/atmel/studio/7.0/toolchain/avr8/avr8-gnu-toolchain/bin/../lib/gcc/avr/5.4.0/avr4\libgcc.a(_clear_bss.o)
 .data          0x00000000        0x0 c:/program files (x86)/atmel/studio/7.0/toolchain/avr8/avr8-gnu-toolchain/bin/../lib/gcc/avr/5.4.0/avr4\libgcc.a(_clear_bss.o)
 .bss           0x00000000        0x0 c:/program files (x86)/atmel/studio/7.0/toolchain/avr8/avr8-gnu-toolchain/bin/../lib/gcc/avr/5.4.0/avr4\libgcc.a(_clear_bss.o)
 .text.libgcc.mul
                0x00000000        0x0 c:/program files (x86)/atmel/studio/7.0/toolchain/avr8/avr8-gnu-toolchain/bin/../lib/gcc/avr/5.4.0/avr4\libgcc.a(_clear_bss.o)
 .text.libgcc.div
                0x00000000        0x0 c:/program files (x86)/atmel/studio/7.0/toolchain/avr8/avr8-gnu-toolchain/bin/../lib/gcc/avr/5.4.0/avr4\libgcc.a(_clear_bss.o)
 .text.libgcc   0x00000000        0x0 c:/program files (x86)/atmel/studio/7.0/toolchain/avr8/avr8-gnu-toolchain/bin/../lib/gcc/avr/5.4.0/avr4\libgcc.a(_clear_bss.o)
 .text.libgcc.prologue
                0x00000000        0x0 c:/program files (x86)/atmel/studio/7.0/toolchain/avr8/avr8-gnu-toolchain/bin/../lib/gcc/avr/5.4.0/avr4\libgcc.a(_clear_bss.o)
 .text.libgcc.builtins
                0x00000000        0x0 c:/program files (x86)/atmel/studio/7.0/toolchain/avr8/avr8-gnu-toolchain/bin/../lib/gcc/avr/5.4.0/avr4\libgcc.a(_clear_bss.o)
 .text.libgcc.fmul
                0x00000000        0x0 c:/program files (x86)/atmel/studio/7.0/toolchain/avr8/avr8-gnu-toolchain/bin/../lib/gcc/avr/5.4.0/avr4\libgcc.a(_clear_bss.o)
 .text.libgcc.fixed
                0x00000000        0x0 c:/program files (x86)/atmel/studio/7.0/toolchain/avr8/avr8-gnu-toolchain/bin/../lib/gcc/avr/5.4.0/avr4\libgcc.a(_clear_bss.o)
 .text          0x00000000        0x0 c:/program files (x86)/atmel/studio/7.0/toolchain/avr8/avr8-gnu-toolchain/bin/../lib/gcc/avr/5.4.0/avr4\libgcc.a(_udivmodhi4.o)
 .data          0x00000000        0x0 c:/program files (x86)/atmel/studio/7.0/toolchain/avr8/avr8-gnu-toolchain/bin/../lib/gcc/avr/5.4.0/avr4\libgcc.a(_udivmodhi4.o)
 .bss           0x00000000        0x0 c:/program files (x86)/atmel/studio/7.0/toolchain/avr8/avr8-gnu-toolchain/bin/../lib/gcc/avr/5.4.0/avr4\libgcc.a(_udivmodhi4.o)
 .text.libgcc.mul
                0x00000000        0x0 c:/program files (x86)/atmel/studio/7.0/toolchain/avr8/avr8-gnu-toolchain/bin/../lib/gcc/avr/5.4.0/avr4\libgcc.a(_udivmodhi4.o)
 .text.libgcc   0x00000000        0x0 c:/program files (x86)/atmel/studio/7.0/toolchain/avr8/avr8-gnu-toolchain/bin/../lib/gcc/avr/5.4.0/avr4\libgcc.a(_udivmodhi4.o)
 .text.libgcc.prologue
                0x00000000        0x0 c:/program files (x86)/atmel/studio/7.0/toolchain/avr8/avr8-gnu-toolchain/bin/../lib/gcc/avr/5.4.0/avr4\libgcc.a(_udivmodhi4.o)
 .text.libgcc.builtins
                0x00000000        0x0 c:/program files (x86)/atmel/studio/7.0/toolchain/avr8/avr8-gnu-toolchain/bin/../lib/gcc/avr/5.4.0/avr4\libgcc.a(_udivmodhi4.o)
 .text.libgcc.fmul
                0x00000000        0x0 c:/program files (x86)/atmel/studio/7.0/toolchain/avr8/avr8-gnu-toolchain/bin/../lib/gcc/avr/5.4.0/avr4\libgcc.a(_udivmodhi4.o)
 .text.libgcc.fixed
                0x00000000        0x0 c:/program files (x86)/atmel/studio/7.0/toolchain/avr8/avr8-gnu-toolchain/bin/../lib/gcc/avr/5.4.0/avr4\libgcc.a(_udivmodhi4.o)
 .text          0x00000000        0x0 c:/program files (x86)/atmel/studio/7.0/toolchain/avr8/avr8-gnu-toolchain/bin/../lib/gcc/avr/5.4.0/avr4\libgcc.a(_udivmodsi4.o)
 .data          0x00000000        0x0 c:/program files (x86)/atmel/studio/7.0/toolchain/avr8/avr8-gnu-toolchain/bin/../lib/gcc/avr/5.4.0/avr4\libgcc.a(_udivmodsi4.o)
 .bss           0x00000000        0x0 c:/program files (x86)/atmel/studio/7.0/toolchain/avr8/avr8-gnu-toolchain/bin/../lib/gcc/avr/5.4.0/avr4\libgcc.a(_udivmodsi4.o)
 .text.libgcc.mul
                0x00000000        0x0 c:/program files (x86)/atmel/studio/7.0/toolchain/avr8/avr8-gnu-toolchain/bin/../lib/gcc/avr/5.4.0/avr4\libgcc.a(_udivmodsi4.o)
 .text.libgcc   0x00000000        0x0 c:/program files (x86)/atmel/studio/7.0/toolchain/avr8/avr8-gnu-toolchain/bin/../lib/gcc/avr/5.4.0/avr4\libgcc.a(_udivmodsi4.o)
 .text.libgcc.prologue
                0x00000000        0x0 c:/program files (x86)/atmel/studio/7.0/toolchain/avr8/avr8-gnu-toolchain/bin/../lib/gcc/avr/5.4.0/avr4\libgcc.a(_udivmodsi4.o)
 .text.libgcc.builtins
                0x00000000        0x0 c:/program files (x86)/atmel/studio/7.0/toolchain/avr8/avr8-gnu-toolchain/bin/../lib/gcc/avr/5.4.0/avr4\libgcc.a(_udivmodsi4.o)
 .text.libgcc.fmul
                0x00000000        0x0 c:/program files (x86)/atmel/studio/7.0/toolchain/avr8/avr8-gnu-toolchain/bin/../lib/gcc/avr/5.4.0/avr4\libgcc.a(_udivmodsi4.o)
 .text.libgcc.fixed
                0x00000000        0x0 c:/program files (x86)/atmel/studio/7.0/toolchain/avr8/avr8-gnu-toolchain/bin/../lib/gcc/avr/5.4.0/avr4\libgcc.a(_udivmodsi4.o)
 .text          0x00000000        0x0 c:/program files (x86)/atmel/studio/7.0/toolchain/avr8/avr8-gnu-toolchain/bin/../lib/gcc/avr/5.4.0/../../../../avr/lib/avr4\libc.a(sprintf.o)
 .data          0x00000000        0x0 c:/program files (x86)/atmel/studio/7.0/toolchain/avr8/avr8-gnu-toolchain/bin/../lib/gcc/avr/5.4.0/../../../../avr/lib/avr4\libc.a(sprintf.o)
 .bss           0x00000000        0x0 c:/program files (x86)/atmel/studio/7.0/toolchain/avr8/avr8-gnu-toolchain/bin/../lib/gcc/avr/5.4.0/../../../../avr/lib/avr4\libc.a(sprintf.o)
 .text          0x00000000        0x0 c:/program files (x86)/atmel/studio/7.0/toolchain/avr8/avr8-gnu-toolchain/bin/../lib/gcc/avr/5.4.0/../../../../avr/lib/avr4\libc.a(vfprintf_std.o)
 .data          0x00000000        0x0 c:/program files (x86)/atmel/studio/7.0/toolchain/avr8/avr8-gnu-toolchain/bin/../lib/gcc/avr/5.4.0/../../../../avr/lib/avr4\libc.a(vfprintf_std.o)
 .bss           0x00000000        0x0 c:/program files (x86)/atmel/studio/7.0/toolchain/avr8/avr8-gnu-toolchain/bin/../lib/gcc/avr/5.4.0/../../../../avr/lib/avr4\libc.a(vfprintf_std.o)
 .text          0x00000000        0x0 c:/program files (x86)/atmel/studio/7.0/toolchain/avr8/avr8-gnu-toolchain/bin/../lib/gcc/avr/5.4.0/../../../../avr/lib/avr4\libc.a(strnlen_P.o)
 .data          0x00000000        0x0 c:/program files (x86)/atmel/studio/7.0/toolchain/avr8/avr8-gnu-toolchain/bin/../lib/gcc/avr/5.4.0/../../../../avr/lib/avr4\libc.a(strnlen_P.o)
 .bss           0x00000000        0x0 c:/program files (x86)/atmel/studio/7.0/toolchain/avr8/avr8-gnu-toolchain/bin/../lib/gcc/avr/5.4.0/../../../../avr/lib/avr4\libc.a(strnlen_P.o)
 .text          0x00000000        0x0 c:/program files (x86)/atmel/studio/7.0/toolchain/avr8/avr8-gnu-toolchain/bin/../lib/gcc/avr/5.4.0/../../../../avr/lib/avr4\libc.a(strnlen.o)
 .data          0x00000000        0x0 c:/program files (x86)/atmel/studio/7.0/toolchain/avr8/avr8-gnu-toolchain/bin/../lib/gcc/avr/5.4.0/../../../../avr/lib/avr4\libc.a(strnlen.o)
 .bss           0x00000000        0x0 c:/program files (x86)/atmel/studio/7.0/toolchain/avr8/avr8-gnu-toolchain/bin/../lib/gcc/avr/5.4.0/../../../../avr/lib/avr4\libc.a(strnlen.o)
 .text          0x00000000        0x0 c:/program files (x86)/atmel/studio/7.0/toolchain/avr8/avr8-gnu-toolchain/bin/../lib/gcc/avr/5.4.0/../../../../avr/lib/avr4\libc.a(fputc.o)
 .data          0x00000000        0x0 c:/program files (x86)/atmel/studio/7.0/toolchain/avr8/avr8-gnu-toolchain/bin/../lib/gcc/avr/5.4.0/../../../../avr/lib/avr4\libc.a(fputc.o)
 .bss           0x00000000        0x0 c:/program files (x86)/atmel/studio/7.0/toolchain/avr8/avr8-gnu-toolchain/bin/../lib/gcc/avr/5.4.0/../../../../avr/lib/avr4\libc.a(fputc.o)
 .text          0x00000000        0x0 c:/program files (x86)/atmel/studio/7.0/toolchain/avr8/avr8-gnu-toolchain/bin/../lib/gcc/avr/5.4.0/../../../../avr/lib/avr4\libc.a(ultoa_invert.o)
 .data          0x00000000        0x0 c:/program files (x86)/atmel/studio/7.0/toolchain/avr8/avr8-gnu-toolchain/bin/../lib/gcc/avr/5.4.0/../../../../avr/lib/avr4\libc.a(ultoa_invert.o)
 .bss           0x00000000        0x0 c:/program files (x86)/atmel/studio/7.0/toolchain/avr8/avr8-gnu-toolchain/bin/../lib/gcc/avr/5.4.0/../../../../avr/lib/avr4\libc.a(ultoa_invert.o)
 .text          0x00000000        0x0 c:/program files (x86)/atmel/studio/7.0/toolchain/avr8/avr8-gnu-toolchain/bin/../lib/gcc/avr/5.4.0/avr4\libgcc.a(_prologue.o)
 .data          0x00000000        0x0 c:/program files (x86)/atmel/studio/7.0/toolchain/avr8/avr8-gnu-toolchain/bin/../lib/gcc/avr/5.4.0/avr4\libgcc.a(_prologue.o)
 .bss           0x00000000        0x0 c:/program files (x86)/atmel/studio/7.0/toolchain/avr8/avr8-gnu-toolchain/bin/../lib/gcc/avr/5.4.0/avr4\libgcc.a(_prologue.o)
 .text.libgcc.mul
                0x00000000        0x0 c:/program files (x86)/atmel/studio/7.0/toolchain/avr8/avr8-gnu-toolchain/bin/../lib/gcc/avr/5.4.0/avr4\libgcc.a(_prologue.o)
 .text.libgcc.div
                0x00000000        0x0 c:/program files (x86)/atmel/studio/7.0/toolchain/avr8/avr8-gnu-toolchain/bin/../lib/gcc/avr/5.4.0/avr4\libgcc.a(_prologue.o)
 .text.libgcc   0x00000000        0x0 c:/program files (x86)/atmel/studio/7.0/toolchain/avr8/avr8-gnu-toolchain/bin/../lib/gcc/avr/5.4.0/avr4\libgcc.a(_prologue.o)
 .text.libgcc.builtins
                0x00000000        0x0 c:/program files (x86)/atmel/studio/7.0/toolchain/avr8/avr8-gnu-toolchain/bin/../lib/gcc/avr/5.4.0/avr4\libgcc.a(_prologue.o)
 .text.libgcc.fmul
                0x00000000        0x0 c:/program files (x86)/atmel/studio/7.0/toolchain/avr8/avr8-gnu-toolchain/bin/../lib/gcc/avr/5.4.0/avr4\libgcc.a(_prologue.o)
 .text.libgcc.fixed
                0x00000000        0x0 c:/program files (x86)/atmel/studio/7.0/toolchain/avr8/avr8-gnu-toolchain/bin/../lib/gcc/avr/5.4.0/avr4\libgcc.a(_prologue.o)
 .text          0x00000000        0x0 c:/program files (x86)/atmel/studio/7.0/toolchain/avr8/avr8-gnu-toolchain/bin/../lib/gcc/avr/5.4.0/avr4\libgcc.a(_epilogue.o)
 .data          0x00000000        0x0 c:/program files (x86)/atmel/studio/7.0/toolchain/avr8/avr8-gnu-toolchain/bin/../lib/gcc/avr/5.4.0/avr4\libgcc.a(_epilogue.o)
 .bss           0x00000000        0x0 c:/program files (x86)/atmel/studio/7.0/toolchain/avr8/avr8-gnu-toolchain/bin/../lib/gcc/avr/5.4.0/avr4\libgcc.a(_epilogue.o)
 .text.libgcc.mul
                0x00000000        0x0 c:/program files (x86)/atmel/studio/7.0/toolchain/avr8/avr8-gnu-toolchain/bin/../lib/gcc/avr/5.4.0/avr4\libgcc.a(_epilogue.o)
 .text.libgcc.div
                0x00000000        0x0 c:/program files (x86)/atmel/studio/7.0/toolchain/avr8/avr8-gnu-toolchain/bin/../lib/gcc/avr/5.4.0/avr4\libgcc.a(_epilogue.o)
 .text.libgcc   0x00000000        0x0 c:/program files (x86)/atmel/studio/7.0/toolchain/avr8/avr8-gnu-toolchain/bin/../lib/gcc/avr/5.4.0/avr4\libgcc.a(_epilogue.o)
 .text.libgcc.builtins
                0x00000000        0x0 c:/program files (x86)/atmel/studio/7.0/toolchain/avr8/avr8-gnu-toolchain/bin/../lib/gcc/avr/5.4.0/avr4\libgcc.a(_epilogue.o)
 .text.libgcc.fmul
                0x00000000        0x0 c:/program files (x86)/atmel/studio/7.0/toolchain/avr8/avr8-gnu-toolchain/bin/../lib/gcc/avr/5.4.0/avr4\libgcc.a(_epilogue.o)
 .text.libgcc.fixed
                0x00000000        0x0 c:/program files (x86)/atmel/studio/7.0/toolchain/avr8/avr8-gnu-toolchain/bin/../lib/gcc/avr/5.4.0/avr4\libgcc.a(_epilogue.o)

Memory Configuration

Name             Origin             Length             Attributes
text             0x00000000         0x00002000         xr
data             0x00800060         0x0000ffa0         rw !x
eeprom           0x00810000         0x00010000         rw !x
fuse             0x00820000         0x00000003         rw !x
lock             0x00830000         0x00000400         rw !x
signature        0x00840000         0x00000400         rw !x
user_signatures  0x00850000         0x00000400         rw !x
*default*        0x00000000         0xffffffff

Linker script and memory map

Address of section .data set to 0x800100
LOAD C:/Program Files (x86)/Atmel/Studio/7.0/Packs/atmel/ATmega_DFP/1.3.300/gcc/dev/atmega88p/avr4/crtatmega88p.o
LOAD External/display.o
LOAD External/I2C.o
LOAD Logic/buzzer.o
LOAD Logic/display_extensions.o
LOAD Logic/menu.o
LOAD Logic/time.o
LOAD main.o
LOAD Views/alarm.o
LOAD Views/clock.o
LOAD Views/temperature.o
LOAD Views/timer.o
START GROUP
LOAD c:/program files (x86)/atmel/studio/7.0/toolchain/avr8/avr8-gnu-toolchain/bin/../lib/gcc/avr/5.4.0/../../../../avr/lib/avr4\libm.a
END GROUP
START GROUP
LOAD c:/program files (x86)/atmel/studio/7.0/toolchain/avr8/avr8-gnu-toolchain/bin/../lib/gcc/avr/5.4.0/avr4\libgcc.a
LOAD c:/program files (x86)/atmel/studio/7.0/toolchain/avr8/avr8-gnu-toolchain/bin/../lib/gcc/avr/5.4.0/../../../../avr/lib/avr4\libm.a
LOAD c:/program files (x86)/atmel/studio/7.0/toolchain/avr8/avr8-gnu-toolchain/bin/../lib/gcc/avr/5.4.0/../../../../avr/lib/avr4\libc.a
LOAD C:/Program Files (x86)/Atmel/Studio/7.0/Packs/atmel/ATmega_DFP/1.3.300/gcc/dev/atmega88p/avr4\libatmega88p.a
END GROUP
                0x00000000                __TEXT_REGION_ORIGIN__ = DEFINED (__TEXT_REGION_ORIGIN__)?__TEXT_REGION_ORIGIN__:0x0
                0x00800060                __DATA_REGION_ORIGIN__ = DEFINED (__DATA_REGION_ORIGIN__)?__DATA_REGION_ORIGIN__:0x800060
                0x00002000                __TEXT_REGION_LENGTH__ = DEFINED (__TEXT_REGION_LENGTH__)?__TEXT_REGION_LENGTH__:0x2000
                0x0000ffa0                __DATA_REGION_LENGTH__ = DEFINED (__DATA_REGION_LENGTH__)?__DATA_REGION_LENGTH__:0xffa0
                0x00010000                __EEPROM_REGION_LENGTH__ = DEFINED (__EEPROM_REGION_LENGTH__)?__EEPROM_REGION_LENGTH__:0x10000
                [0x00000003]                __FUSE_REGION_LENGTH__ = DEFINED (__FUSE_REGION_LENGTH__)?__FUSE_REGION_LENGTH__:0x400
                0x00000400                __LOCK_REGION_LENGTH__ = DEFINED (__LOCK_REGION_LENGTH__)?__LOCK_REGION_LENGTH__:0x400
                0x00000400                __SIGNATURE_REGION_LENGTH__ = DEFINED (__SIGNATURE_REGION_LENGTH__)?__SIGNATURE_REGION_LENGTH__:0x400
                0x00000400                __USER_SIGNATURE_REGION_LENGTH__ = DEFINED (__USER_SIGNATURE_REGION_LENGTH__)?__USER_SIGNATURE_REGION_LENGTH__:0x400

.hash
 *(.hash)

.dynsym
 *(.dynsym)

.dynstr
 *(.dynstr)

.gnu.version
 *(.gnu.version)

.gnu.version_d
 *(.gnu.version_d)

.gnu.version_r
 *(.gnu.version_r)

.rel.init
 *(.rel.init)

.rela.init
 *(.rela.init)

.rel.text
 *(.rel.text)
 *(.rel.text.*)
 *(.rel.gnu.linkonce.t*)

.rela.text
 *(.rela.text)
 *(.rela.text.*)
 *(.rela.gnu.linkonce.t*)

.rel.fini
 *(.rel.fini)

.rela.fini
 *(.rela.fini)

.rel.rodata
 *(.rel.rodata)
 *(.rel.rodata.*)
 *(.rel.gnu.linkonce.r*)

.rela.rodata
 *(.rela.rodata)
 *(.rela.rodata.*)
 *(.rela.gnu.linkonce.r*)

.rel.data
 *(.rel.data)
 *(.rel.data.*)
 *(.rel.gnu.linkonce.d*)

.rela.data
 *(.rela.data)
 *(.rela.data.*)
 *(.rela.gnu.linkonce.d*)

.rel.ctors
 *(.rel.ctors)

.rela.ctors
 *(.rela.ctors)

.rel.dtors
 *(.rel.dtors)

.rela.dtors
 *(.rela.dtors)

.rel.got
 *(.rel.got)

.rela.got
 *(.rela.got)

.rel.bss
 *(.rel.bss)

.rela.bss
 *(.rela.bss)

.rel.plt
 *(.rel.plt)

.rela.plt
 *(.rela.plt)

.text           0x00000000     0x1e2e
 *(.vectors)
 .vectors       0x00000000       0x34 C:/Program Files (x86)/Atmel/Studio/7.0/Packs/atmel/ATmega_DFP/1.3.300/gcc/dev/atmega88p/avr4/crtatmega88p.o
                0x00000000                __vector_default
                0x00000000                __vectors
 *(.vectors)
 *(.progmem.gcc*)
                0x00000034                . = ALIGN (0x2)
                0x00000034                __trampolines_start = .
 *(.trampolines)
 .trampolines   0x00000034        0x0 linker stubs
 *(.trampolines*)
                0x00000034                __trampolines_end = .
 *libprintf_flt.a:*(.progmem.data)
 *libc.a:*(.progmem.data)
 *(.progmem*)
 .progmem.data.ssd1306_init_sequence
                0x00000034       0x20 External/display.o
                0x00000034                ssd1306_init_sequence
 .progmem.data.number9
                0x00000054       0x60 Logic/display_extensions.o
                0x00000054                number9
 .progmem.data.number8
                0x000000b4       0x60 Logic/display_extensions.o
                0x000000b4                number8
 .progmem.data.number7
                0x00000114       0x60 Logic/display_extensions.o
                0x00000114                number7
 .progmem.data.number6
                0x00000174       0x60 Logic/display_extensions.o
                0x00000174                number6
 .progmem.data.number5
                0x000001d4       0x60 Logic/display_extensions.o
                0x000001d4                number5
 .progmem.data.number4
                0x00000234       0x60 Logic/display_extensions.o
                0x00000234                number4
 .progmem.data.number3
                0x00000294       0x60 Logic/display_extensions.o
                0x00000294                number3
 .progmem.data.number2
                0x000002f4       0x60 Logic/display_extensions.o
                0x000002f4                number2
 .progmem.data.number1
                0x00000354       0x60 Logic/display_extensions.o
                0x00000354                number1
 .progmem.data.number0
                0x000003b4       0x60 Logic/display_extensions.o
                0x000003b4                number0
 .progmem.data.ssd1306xled_font8x16data
                0x00000414      0x3b0 Logic/display_extensions.o
                0x00000414                ssd1306xled_font8x16data
                0x000007c4                . = ALIGN (0x2)
 *(.jumptables)
 *(.jumptables*)
 *(.lowtext)
 *(.lowtext*)
                0x000007c4                __ctors_start = .
 *(.ctors)
                0x000007c4                __ctors_end = .
                0x000007c4                __dtors_start = .
 *(.dtors)
                0x000007c4                __dtors_end = .
 SORT(*)(.ctors)
 SORT(*)(.dtors)
 *(.init0)
 .init0         0x000007c4        0x0 C:/Program Files (x86)/Atmel/Studio/7.0/Packs/atmel/ATmega_DFP/1.3.300/gcc/dev/atmega88p/avr4/crtatmega88p.o
                0x000007c4                __init
 *(.init0)
 *(.init1)
 *(.init1)
 *(.init2)
 .init2         0x000007c4        0xc C:/Program Files (x86)/Atmel/Studio/7.0/Packs/atmel/ATmega_DFP/1.3.300/gcc/dev/atmega88p/avr4/crtatmega88p.o
 *(.init2)
 *(.init3)
 *(.init3)
 *(.init4)
 .init4         0x000007d0       0x16 c:/program files (x86)/atmel/studio/7.0/toolchain/avr8/avr8-gnu-toolchain/bin/../lib/gcc/avr/5.4.0/avr4\libgcc.a(_copy_data.o)
                0x000007d0                __do_copy_data
 .init4         0x000007e6       0x10 c:/program files (x86)/atmel/studio/7.0/toolchain/avr8/avr8-gnu-toolchain/bin/../lib/gcc/avr/5.4.0/avr4\libgcc.a(_clear_bss.o)
                0x000007e6                __do_clear_bss
 *(.init4)
 *(.init5)
 *(.init5)
 *(.init6)
 *(.init6)
 *(.init7)
 *(.init7)
 *(.init8)
 *(.init8)
 *(.init9)
 .init9         0x000007f6        0x4 C:/Program Files (x86)/Atmel/Studio/7.0/Packs/atmel/ATmega_DFP/1.3.300/gcc/dev/atmega88p/avr4/crtatmega88p.o
 *(.init9)
 *(.text)
 .text          0x000007fa        0x2 C:/Program Files (x86)/Atmel/Studio/7.0/Packs/atmel/ATmega_DFP/1.3.300/gcc/dev/atmega88p/avr4/crtatmega88p.o
                0x000007fa                __vector_22
                0x000007fa                __vector_1
                0x000007fa                __vector_24
                0x000007fa                __vector_12
                0x000007fa                __bad_interrupt
                0x000007fa                __vector_6
                0x000007fa                __vector_3
                0x000007fa                __vector_23
                0x000007fa                __vector_25
                0x000007fa                __vector_13
                0x000007fa                __vector_17
                0x000007fa                __vector_19
                0x000007fa                __vector_7
                0x000007fa                __vector_5
                0x000007fa                __vector_4
                0x000007fa                __vector_9
                0x000007fa                __vector_2
                0x000007fa                __vector_21
                0x000007fa                __vector_15
                0x000007fa                __vector_8
                0x000007fa                __vector_14
                0x000007fa                __vector_10
                0x000007fa                __vector_16
                0x000007fa                __vector_18
                0x000007fa                __vector_20
                0x000007fc                . = ALIGN (0x2)
 *(.text.*)
 .text.ssd1306_start_command
                0x000007fc       0x10 External/display.o
                0x000007fc                ssd1306_start_command
 .text.ssd1306_start_data
                0x0000080c       0x10 External/display.o
                0x0000080c                ssd1306_start_data
 .text.ssd1306_init
                0x0000081c       0x2e External/display.o
                0x0000081c                ssd1306_init
 .text.ssd1306_setpos
                0x0000084a       0x30 External/display.o
                0x0000084a                ssd1306_setpos
 .text.ssd1306_stop
                0x0000087a        0x4 External/display.o
                0x0000087a                ssd1306_stop
 .text.ssd1306_draw_bmp
                0x0000087e       0x8c External/display.o
                0x0000087e                ssd1306_draw_bmp
 .text.ssd1306_clear_display
                0x0000090a       0x26 External/display.o
                0x0000090a                ssd1306_clear_display
 .text.ssd1306tx_init
                0x00000930        0xe External/display.o
                0x00000930                ssd1306tx_init
 .text.ssd1306tx_stringxy
                0x0000093e       0xca External/display.o
                0x0000093e                ssd1306tx_stringxy
 .text.I2C_Initialize
                0x00000a08       0x2e External/I2C.o
                0x00000a08                I2C_Initialize
 .text.I2C_start
                0x00000a36       0x12 External/I2C.o
                0x00000a36                I2C_start
 .text.I2C_stop
                0x00000a48       0x12 External/I2C.o
                0x00000a48                I2C_stop
 .text.I2C_write
                0x00000a5a       0x16 External/I2C.o
                0x00000a5a                I2C_write
 .text.display_init
                0x00000a70       0x1e Logic/display_extensions.o
                0x00000a70                display_init
 .text.numberToCharArray
                0x00000a8e       0x7a Logic/display_extensions.o
                0x00000a8e                numberToCharArray
 .text.draw_digit
                0x00000b08       0x2a Logic/display_extensions.o
                0x00000b08                draw_digit
 .text.draw_number
                0x00000b32       0x4e Logic/display_extensions.o
                0x00000b32                draw_number
 .text.draw_string
                0x00000b80        0xe Logic/display_extensions.o
                0x00000b80                draw_string
 .text.draw_clock
                0x00000b8e       0xcc Logic/display_extensions.o
                0x00000b8e                draw_clock
 .text.draw_its_time
                0x00000c5a       0x2c Logic/display_extensions.o
                0x00000c5a                draw_its_time
 .text.refresh_screen
                0x00000c86       0x6a Logic/menu.o
                0x00000c86                refresh_screen
 .text.clock_set_minute_confirm
                0x00000cf0       0x10 Logic/menu.o
                0x00000cf0                clock_set_minute_confirm
 .text.timer_view
                0x00000d00       0x16 Logic/menu.o
                0x00000d00                timer_view
 .text.timer_set_hour
                0x00000d16       0x1a Logic/menu.o
                0x00000d16                timer_set_hour
 .text.timer_set_minute_confirm
                0x00000d30        0x6 Logic/menu.o
                0x00000d30                timer_set_minute_confirm
 .text.alarm_view
                0x00000d36       0x16 Logic/menu.o
                0x00000d36                alarm_view
 .text.alarm_set_hour
                0x00000d4c       0x1c Logic/menu.o
                0x00000d4c                alarm_set_hour
 .text.alarm_set_minute_confirm
                0x00000d68        0x6 Logic/menu.o
                0x00000d68                alarm_set_minute_confirm
 .text.switch_menu
                0x00000d6e      0x2e0 Logic/menu.o
                0x00000d6e                switch_menu
 .text.on_button_pressed
                0x0000104e       0x18 Logic/menu.o
                0x0000104e                on_button_pressed
 .text.add_hour
                0x00001066        0xe Logic/time.o
                0x00001066                add_hour
 .text.add_minute
                0x00001074        0xe Logic/time.o
                0x00001074                add_minute
 .text.add_second
                0x00001082        0xe Logic/time.o
                0x00001082                add_second
 .text.subtract_hour
                0x00001090        0xa Logic/time.o
                0x00001090                subtract_hour
 .text.subtract_minute
                0x0000109a        0xa Logic/time.o
                0x0000109a                subtract_minute
 .text.port_init
                0x000010a4       0x32 main.o
                0x000010a4                port_init
 .text.main     0x000010d6       0x1a main.o
                0x000010d6                main
 .text.__vector_11
                0x000010f0       0x4a main.o
                0x000010f0                __vector_11
 .text.alarm_reset
                0x0000113a       0x32 Views/alarm.o
                0x0000113a                alarm_reset
 .text.alarm_run
                0x0000116c       0x38 Views/alarm.o
                0x0000116c                alarm_run
 .text.alarm_trigger
                0x000011a4       0x48 Views/alarm.o
                0x000011a4                alarm_trigger
 .text.alarm_add_hour
                0x000011ec       0x14 Views/alarm.o
                0x000011ec                alarm_add_hour
 .text.alarm_add_minute
                0x00001200       0x14 Views/alarm.o
                0x00001200                alarm_add_minute
 .text.alarm_subtract_hour
                0x00001214       0x14 Views/alarm.o
                0x00001214                alarm_subtract_hour
 .text.alarm_subtract_minute
                0x00001228       0x14 Views/alarm.o
                0x00001228                alarm_subtract_minute
 .text.alarm_is_running
                0x0000123c        0x6 Views/alarm.o
                0x0000123c                alarm_is_running
 .text.alarm_is_ready
                0x00001242        0x6 Views/alarm.o
                0x00001242                alarm_is_ready
 .text.display_alarm
                0x00001248       0x5a Views/alarm.o
                0x00001248                display_alarm
 .text.display_alarm_view
                0x000012a2       0x42 Views/alarm.o
                0x000012a2                display_alarm_view
 .text.display_alarm_hour_set_view
                0x000012e4       0x42 Views/alarm.o
                0x000012e4                display_alarm_hour_set_view
 .text.display_alarm_minute_set_view
                0x00001326       0x42 Views/alarm.o
                0x00001326                display_alarm_minute_set_view
 .text.clock_trigger
                0x00001368       0x5c Views/clock.o
                0x00001368                clock_trigger
 .text.clock_add_hour
                0x000013c4       0x14 Views/clock.o
                0x000013c4                clock_add_hour
 .text.clock_add_minute
                0x000013d8       0x14 Views/clock.o
                0x000013d8                clock_add_minute
 .text.clock_subtract_hour
                0x000013ec       0x14 Views/clock.o
                0x000013ec                clock_subtract_hour
 .text.clock_subtract_minute
                0x00001400       0x14 Views/clock.o
                0x00001400                clock_subtract_minute
 .text.clock_save
                0x00001414       0x2a Views/clock.o
                0x00001414                clock_save
 .text.get_current_hour
                0x0000143e        0xa Views/clock.o
                0x0000143e                get_current_hour
 .text.get_current_minute
                0x00001448        0xa Views/clock.o
                0x00001448                get_current_minute
 .text.get_current_second
                0x00001452        0xa Views/clock.o
                0x00001452                get_current_second
 .text.display_clock
                0x0000145c       0x2c Views/clock.o
                0x0000145c                display_clock
 .text.display_clock_view
                0x00001488       0x48 Views/clock.o
                0x00001488                display_clock_view
 .text.display_clock_hour_set_view
                0x000014d0       0x42 Views/clock.o
                0x000014d0                display_clock_hour_set_view
 .text.display_clock_minute_set_view
                0x00001512       0x42 Views/clock.o
                0x00001512                display_clock_minute_set_view
 .text.display_temperature_view
                0x00001554       0x10 Views/temperature.o
                0x00001554                display_temperature_view
 .text.timer_is_ready
                0x00001564        0x6 Views/timer.o
                0x00001564                timer_is_ready
 .text.timer_is_running
                0x0000156a        0x6 Views/timer.o
                0x0000156a                timer_is_running
 .text.timer_reset
                0x00001570       0x32 Views/timer.o
                0x00001570                timer_reset
 .text.timer_run
                0x000015a2       0x38 Views/timer.o
                0x000015a2                timer_run
 .text.timer_trigger
                0x000015da       0xb0 Views/timer.o
                0x000015da                timer_trigger
 .text.timer_add_hour
                0x0000168a       0x14 Views/timer.o
                0x0000168a                timer_add_hour
 .text.timer_add_minute
                0x0000169e       0x14 Views/timer.o
                0x0000169e                timer_add_minute
 .text.timer_subtract_hour
                0x000016b2       0x14 Views/timer.o
                0x000016b2                timer_subtract_hour
 .text.timer_subtract_minute
                0x000016c6       0x14 Views/timer.o
                0x000016c6                timer_subtract_minute
 .text.display_timer
                0x000016da       0x7c Views/timer.o
                0x000016da                display_timer
 .text.display_timer_view
                0x00001756       0x1e Views/timer.o
                0x00001756                display_timer_view
 .text.display_timer_hour_set_view
                0x00001774       0x1e Views/timer.o
                0x00001774                display_timer_hour_set_view
 .text.display_timer_minute_set_view
                0x00001792       0x1e Views/timer.o
                0x00001792                display_timer_minute_set_view
 .text.libgcc.div
                0x000017b0       0x26 c:/program files (x86)/atmel/studio/7.0/toolchain/avr8/avr8-gnu-toolchain/bin/../lib/gcc/avr/5.4.0/avr4\libgcc.a(_divmodhi4.o)
                0x000017b0                _div
                0x000017b0                __divmodhi4
 .text.libgcc.div
                0x000017d6       0x28 c:/program files (x86)/atmel/studio/7.0/toolchain/avr8/avr8-gnu-toolchain/bin/../lib/gcc/avr/5.4.0/avr4\libgcc.a(_divmodsi4.o)
                0x000017d6                __divmodsi4
 .text.libgcc.div
                0x000017fe       0x10 c:/program files (x86)/atmel/studio/7.0/toolchain/avr8/avr8-gnu-toolchain/bin/../lib/gcc/avr/5.4.0/avr4\libgcc.a(_negsi2.o)
                0x000017fe                __negsi2
 .text.libgcc.div
                0x0000180e       0x28 c:/program files (x86)/atmel/studio/7.0/toolchain/avr8/avr8-gnu-toolchain/bin/../lib/gcc/avr/5.4.0/avr4\libgcc.a(_udivmodhi4.o)
                0x0000180e                __udivmodhi4
 .text.libgcc.div
                0x00001836       0x44 c:/program files (x86)/atmel/studio/7.0/toolchain/avr8/avr8-gnu-toolchain/bin/../lib/gcc/avr/5.4.0/avr4\libgcc.a(_udivmodsi4.o)
                0x00001836                __udivmodsi4
 .text.avr-libc
                0x0000187a       0x3e c:/program files (x86)/atmel/studio/7.0/toolchain/avr8/avr8-gnu-toolchain/bin/../lib/gcc/avr/5.4.0/../../../../avr/lib/avr4\libc.a(sprintf.o)
                0x0000187a                sprintf
 .text.avr-libc
                0x000018b8      0x3a4 c:/program files (x86)/atmel/studio/7.0/toolchain/avr8/avr8-gnu-toolchain/bin/../lib/gcc/avr/5.4.0/../../../../avr/lib/avr4\libc.a(vfprintf_std.o)
                0x000018b8                vfprintf
 .text.avr-libc
                0x00001c5c       0x16 c:/program files (x86)/atmel/studio/7.0/toolchain/avr8/avr8-gnu-toolchain/bin/../lib/gcc/avr/5.4.0/../../../../avr/lib/avr4\libc.a(strnlen_P.o)
                0x00001c5c                strnlen_P
 .text.avr-libc
                0x00001c72       0x16 c:/program files (x86)/atmel/studio/7.0/toolchain/avr8/avr8-gnu-toolchain/bin/../lib/gcc/avr/5.4.0/../../../../avr/lib/avr4\libc.a(strnlen.o)
                0x00001c72                strnlen
 .text.avr-libc
                0x00001c88       0x78 c:/program files (x86)/atmel/studio/7.0/toolchain/avr8/avr8-gnu-toolchain/bin/../lib/gcc/avr/5.4.0/../../../../avr/lib/avr4\libc.a(fputc.o)
                0x00001c88                fputc
 .text.avr-libc
                0x00001d00       0xbc c:/program files (x86)/atmel/studio/7.0/toolchain/avr8/avr8-gnu-toolchain/bin/../lib/gcc/avr/5.4.0/../../../../avr/lib/avr4\libc.a(ultoa_invert.o)
                0x00001d00                __ultoa_invert
 .text.libgcc.prologue
                0x00001dbc       0x38 c:/program files (x86)/atmel/studio/7.0/toolchain/avr8/avr8-gnu-toolchain/bin/../lib/gcc/avr/5.4.0/avr4\libgcc.a(_prologue.o)
                0x00001dbc                __prologue_saves__
 .text.libgcc.prologue
                0x00001df4       0x36 c:/program files (x86)/atmel/studio/7.0/toolchain/avr8/avr8-gnu-toolchain/bin/../lib/gcc/avr/5.4.0/avr4\libgcc.a(_epilogue.o)
                0x00001df4                __epilogue_restores__
                0x00001e2a                . = ALIGN (0x2)
 *(.fini9)
 .fini9         0x00001e2a        0x0 c:/program files (x86)/atmel/studio/7.0/toolchain/avr8/avr8-gnu-toolchain/bin/../lib/gcc/avr/5.4.0/avr4\libgcc.a(_exit.o)
                0x00001e2a                _exit
                0x00001e2a                exit
 *(.fini9)
 *(.fini8)
 *(.fini8)
 *(.fini7)
 *(.fini7)
 *(.fini6)
 *(.fini6)
 *(.fini5)
 *(.fini5)
 *(.fini4)
 *(.fini4)
 *(.fini3)
 *(.fini3)
 *(.fini2)
 *(.fini2)
 *(.fini1)
 *(.fini1)
 *(.fini0)
 .fini0         0x00001e2a        0x4 c:/program files (x86)/atmel/studio/7.0/toolchain/avr8/avr8-gnu-toolchain/bin/../lib/gcc/avr/5.4.0/avr4\libgcc.a(_exit.o)
 *(.fini0)
                0x00001e2e                _etext = .

.data           0x00800100       0x68 load address 0x00001e2e
                0x00800100                PROVIDE (__data_start, .)
 *(.data)
 *(.data*)
 .data.selectedMenu
                0x00800100        0x2 Logic/menu.o
                0x00800100                selectedMenu
 .data.clockSelectedHour
                0x00800102        0x2 Views/clock.o
                0x00800102                clockSelectedHour
 .data.hour     0x00800104        0x2 Views/clock.o
                0x00800104                hour
 *(.gnu.linkonce.d*)
 *(.rodata)
 *(.rodata*)
 .rodata.str1.1
                0x00800106       0x14 Logic/display_extensions.o
                                 0x17 (size before relaxing)
 .rodata.str1.1
                0x0080011a       0x1e Views/alarm.o
 .rodata.str1.1
                0x00800138       0x1e Views/clock.o
 .rodata.str1.1
                0x00800156        0xc Views/temperature.o
 .rodata.str1.1
                0x00800162        0x6 Views/timer.o
                                 0x1e (size before relaxing)
 *(.gnu.linkonce.r*)
                0x00800168                . = ALIGN (0x2)
                0x00800168                _edata = .
                0x00800168                PROVIDE (__data_end, .)

.bss            0x00800168       0x21
                0x00800168                PROVIDE (__bss_start, .)
 *(.bss)
 *(.bss*)
 .bss.alarmExpectedSecond
                0x00800168        0x2 Views/alarm.o
                0x00800168                alarmExpectedSecond
 .bss.alarmExpectedMinute
                0x0080016a        0x2 Views/alarm.o
                0x0080016a                alarmExpectedMinute
 .bss.alarmExpectedHour
                0x0080016c        0x2 Views/alarm.o
                0x0080016c                alarmExpectedHour
 .bss.alarmSelectedMinute
                0x0080016e        0x2 Views/alarm.o
                0x0080016e                alarmSelectedMinute
 .bss.alarmSelectedHour
                0x00800170        0x2 Views/alarm.o
                0x00800170                alarmSelectedHour
 .bss.alarmIsRunning
                0x00800172        0x1 Views/alarm.o
                0x00800172                alarmIsRunning
 .bss.alarmIsReady
                0x00800173        0x1 Views/alarm.o
                0x00800173                alarmIsReady
 .bss.second    0x00800174        0x2 Views/clock.o
                0x00800174                second
 .bss.clockSelectedMinute
                0x00800176        0x2 Views/clock.o
                0x00800176                clockSelectedMinute
 .bss.minute    0x00800178        0x2 Views/clock.o
                0x00800178                minute
 .bss.timerExpectedSecond
                0x0080017a        0x2 Views/timer.o
                0x0080017a                timerExpectedSecond
 .bss.timerExpectedMinute
                0x0080017c        0x2 Views/timer.o
                0x0080017c                timerExpectedMinute
 .bss.timerExpectedHour
                0x0080017e        0x2 Views/timer.o
                0x0080017e                timerExpectedHour
 .bss.timerSelectedMinute
                0x00800180        0x2 Views/timer.o
                0x00800180                timerSelectedMinute
 .bss.timerSelectedHour
                0x00800182        0x2 Views/timer.o
                0x00800182                timerSelectedHour
 .bss.timerIsReady
                0x00800184        0x1 Views/timer.o
                0x00800184                timerIsReady
 .bss.timerIsRunning
                0x00800185        0x1 Views/timer.o
                0x00800185                timerIsRunning
 *(COMMON)
 COMMON         0x00800186        0x3 External/display.o
                0x00800186                ssd1306tx_font_char_base
                0x00800187                ssd1306tx_font_src
                0x00800189                PROVIDE (__bss_end, .)
                0x00001e2e                __data_load_start = LOADADDR (.data)
                0x00001e96                __data_load_end = (__data_load_start + SIZEOF (.data))

.noinit         0x00800189        0x0
                [!provide]                PROVIDE (__noinit_start, .)
 *(.noinit*)
                [!provide]                PROVIDE (__noinit_end, .)
                0x00800189                _end = .
                [!provide]                PROVIDE (__heap_start, .)

.eeprom         0x00810000        0x0
 *(.eeprom*)
                0x00810000                __eeprom_end = .

.fuse
 *(.fuse)
 *(.lfuse)
 *(.hfuse)
 *(.efuse)

.lock
 *(.lock*)

.signature
 *(.signature*)

.user_signatures
 *(.user_signatures*)

.stab
 *(.stab)

.stabstr
 *(.stabstr)

.stab.excl
 *(.stab.excl)

.stab.exclstr
 *(.stab.exclstr)

.stab.index
 *(.stab.index)

.stab.indexstr
 *(.stab.indexstr)

.comment        0x00000000       0x5c
 *(.comment)
 .comment       0x00000000       0x30 External/display.o
                                 0x31 (size before relaxing)
 .comment       0x00000030       0x31 External/I2C.o
 .comment       0x00000030       0x31 Logic/display_extensions.o
 .comment       0x00000030       0x31 Logic/menu.o
 .comment       0x00000030       0x31 Logic/time.o
 .comment       0x00000030       0x31 main.o
 .comment       0x00000030       0x31 Views/alarm.o
 .comment       0x00000030       0x31 Views/clock.o
 .comment       0x00000030       0x31 Views/temperature.o
 .comment       0x00000030       0x31 Views/timer.o
 .comment       0x00000030       0x31 c:/program files (x86)/atmel/studio/7.0/toolchain/avr8/avr8-gnu-toolchain/bin/../lib/gcc/avr/5.4.0/../../../../avr/lib/avr4\libc.a(sprintf.o)
 .comment       0x00000030       0x2c c:/program files (x86)/atmel/studio/7.0/toolchain/avr8/avr8-gnu-toolchain/bin/../lib/gcc/avr/5.4.0/../../../../avr/lib/avr4\libc.a(vfprintf_std.o)
                                 0x2d (size before relaxing)
 .comment       0x0000005c       0x31 c:/program files (x86)/atmel/studio/7.0/toolchain/avr8/avr8-gnu-toolchain/bin/../lib/gcc/avr/5.4.0/../../../../avr/lib/avr4\libc.a(fputc.o)

.note.gnu.avr.deviceinfo
                0x00000000       0x3c
 .note.gnu.avr.deviceinfo
                0x00000000       0x3c C:/Program Files (x86)/Atmel/Studio/7.0/Packs/atmel/ATmega_DFP/1.3.300/gcc/dev/atmega88p/avr4/crtatmega88p.o

.note.gnu.build-id
 *(.note.gnu.build-id)

.debug
 *(.debug)

.line
 *(.line)

.debug_srcinfo
 *(.debug_srcinfo)

.debug_sfnames
 *(.debug_sfnames)

.debug_aranges  0x00000000      0x3b8
 *(.debug_aranges)
 .debug_aranges
                0x00000000       0x80 External/display.o
 .debug_aranges
                0x00000080       0x40 External/I2C.o
 .debug_aranges
                0x000000c0       0x58 Logic/display_extensions.o
 .debug_aranges
                0x00000118       0x78 Logic/menu.o
 .debug_aranges
                0x00000190       0x58 Logic/time.o
 .debug_aranges
                0x000001e8       0x30 main.o
 .debug_aranges
                0x00000218       0x80 Views/alarm.o
 .debug_aranges
                0x00000298       0x80 Views/clock.o
 .debug_aranges
                0x00000318       0x20 Views/temperature.o
 .debug_aranges
                0x00000338       0x80 Views/timer.o

.debug_pubnames
 *(.debug_pubnames)

.debug_info     0x00000000     0x35a0
 *(.debug_info .gnu.linkonce.wi.*)
 .debug_info    0x00000000      0x5f4 C:/Program Files (x86)/Atmel/Studio/7.0/Packs/atmel/ATmega_DFP/1.3.300/gcc/dev/atmega88p/avr4/crtatmega88p.o
 .debug_info    0x000005f4      0xa21 External/display.o
 .debug_info    0x00001015      0x131 External/I2C.o
 .debug_info    0x00001146      0x7d7 Logic/display_extensions.o
 .debug_info    0x0000191d      0x904 Logic/menu.o
 .debug_info    0x00002221      0x2b7 Logic/time.o
 .debug_info    0x000024d8      0x177 main.o
 .debug_info    0x0000264f      0x56a Views/alarm.o
 .debug_info    0x00002bb9      0x4b2 Views/clock.o
 .debug_info    0x0000306b       0x97 Views/temperature.o
 .debug_info    0x00003102      0x49e Views/timer.o

.debug_abbrev   0x00000000     0x106b
 *(.debug_abbrev)
 .debug_abbrev  0x00000000      0x5a2 C:/Program Files (x86)/Atmel/Studio/7.0/Packs/atmel/ATmega_DFP/1.3.300/gcc/dev/atmega88p/avr4/crtatmega88p.o
 .debug_abbrev  0x000005a2      0x1ed External/display.o
 .debug_abbrev  0x0000078f       0xb2 External/I2C.o
 .debug_abbrev  0x00000841      0x199 Logic/display_extensions.o
 .debug_abbrev  0x000009da      0x14e Logic/menu.o
 .debug_abbrev  0x00000b28       0xbe Logic/time.o
 .debug_abbrev  0x00000be6       0xbd main.o
 .debug_abbrev  0x00000ca3      0x11d Views/alarm.o
 .debug_abbrev  0x00000dc0      0x12c Views/clock.o
 .debug_abbrev  0x00000eec       0x7a Views/temperature.o
 .debug_abbrev  0x00000f66      0x105 Views/timer.o

.debug_line     0x00000000     0x18f2
 *(.debug_line .debug_line.* .debug_line_end)
 .debug_line    0x00000000      0x133 C:/Program Files (x86)/Atmel/Studio/7.0/Packs/atmel/ATmega_DFP/1.3.300/gcc/dev/atmega88p/avr4/crtatmega88p.o
 .debug_line    0x00000133      0x3af External/display.o
 .debug_line    0x000004e2      0x17b External/I2C.o
 .debug_line    0x0000065d      0x2a9 Logic/display_extensions.o
 .debug_line    0x00000906      0x608 Logic/menu.o
 .debug_line    0x00000f0e      0x16d Logic/time.o
 .debug_line    0x0000107b      0x18c main.o
 .debug_line    0x00001207      0x233 Views/alarm.o
 .debug_line    0x0000143a      0x1fc Views/clock.o
 .debug_line    0x00001636       0x48 Views/temperature.o
 .debug_line    0x0000167e      0x274 Views/timer.o

.debug_frame    0x00000000      0x918
 *(.debug_frame)
 .debug_frame   0x00000000      0x1e8 External/display.o
 .debug_frame   0x000001e8       0x64 External/I2C.o
 .debug_frame   0x0000024c      0x130 Logic/display_extensions.o
 .debug_frame   0x0000037c       0xd4 Logic/menu.o
 .debug_frame   0x00000450       0x94 Logic/time.o
 .debug_frame   0x000004e4       0x8c main.o
 .debug_frame   0x00000570      0x13c Views/alarm.o
 .debug_frame   0x000006ac      0x148 Views/clock.o
 .debug_frame   0x000007f4       0x24 Views/temperature.o
 .debug_frame   0x00000818      0x100 Views/timer.o

.debug_str      0x00000000      0xc17
 *(.debug_str)
 .debug_str     0x00000000      0x208 C:/Program Files (x86)/Atmel/Studio/7.0/Packs/atmel/ATmega_DFP/1.3.300/gcc/dev/atmega88p/avr4/crtatmega88p.o
 .debug_str     0x00000208      0x293 External/display.o
                                0x2de (size before relaxing)
 .debug_str     0x0000049b       0x47 External/I2C.o
                                0x1b0 (size before relaxing)
 .debug_str     0x000004e2      0x162 Logic/display_extensions.o
                                0x359 (size before relaxing)
 .debug_str     0x00000644      0x35b Logic/menu.o
                                0x4db (size before relaxing)
 .debug_str     0x0000099f       0x46 Logic/time.o
                                0x153 (size before relaxing)
 .debug_str     0x000009e5       0x51 main.o
                                0x1c7 (size before relaxing)
 .debug_str     0x00000a36       0xe1 Views/alarm.o
                                0x381 (size before relaxing)
 .debug_str     0x00000b17       0x4e Views/clock.o
                                0x29f (size before relaxing)
 .debug_str     0x00000b65       0x17 Views/temperature.o
                                0x110 (size before relaxing)
 .debug_str     0x00000b7c       0x9b Views/timer.o
                                0x336 (size before relaxing)

.debug_loc      0x00000000     0x1c1b
 *(.debug_loc)
 .debug_loc     0x00000000      0xa1b External/display.o
 .debug_loc     0x00000a1b       0x9d External/I2C.o
 .debug_loc     0x00000ab8      0x620 Logic/display_extensions.o
 .debug_loc     0x000010d8       0x48 Logic/menu.o
 .debug_loc     0x00001120      0x2ae Logic/time.o
 .debug_loc     0x000013ce       0xcb main.o
 .debug_loc     0x00001499      0x39a Views/alarm.o
 .debug_loc     0x00001833      0x2ab Views/clock.o
 .debug_loc     0x00001ade      0x13d Views/timer.o

.debug_macinfo
 *(.debug_macinfo)

.debug_weaknames
 *(.debug_weaknames)

.debug_funcnames
 *(.debug_funcnames)

.debug_typenames
 *(.debug_typenames)

.debug_varnames
 *(.debug_varnames)

.debug_pubtypes
 *(.debug_pubtypes)

.debug_ranges   0x00000000      0x318
 *(.debug_ranges)
 .debug_ranges  0x00000000       0x70 External/display.o
 .debug_ranges  0x00000070       0x30 External/I2C.o
 .debug_ranges  0x000000a0       0x48 Logic/display_extensions.o
 .debug_ranges  0x000000e8       0x68 Logic/menu.o
 .debug_ranges  0x00000150       0x48 Logic/time.o
 .debug_ranges  0x00000198       0x20 main.o
 .debug_ranges  0x000001b8       0x70 Views/alarm.o
 .debug_ranges  0x00000228       0x70 Views/clock.o
 .debug_ranges  0x00000298       0x10 Views/temperature.o
 .debug_ranges  0x000002a8       0x70 Views/timer.o

.debug_macro
 *(.debug_macro)
OUTPUT(meteoMN.elf elf32-avr)
LOAD linker stubs
