Archive member included to satisfy reference by file (symbol)

c:/program files (x86)/atmel/studio/7.0/toolchain/avr8/avr8-gnu-toolchain/bin/../lib/gcc/avr/5.4.0/avr4\libgcc.a(_divmodhi4.o)
                              Logic/display_extensions.o (__divmodhi4)
c:/program files (x86)/atmel/studio/7.0/toolchain/avr8/avr8-gnu-toolchain/bin/../lib/gcc/avr/5.4.0/avr4\libgcc.a(_divmodsi4.o)
                              External/I2C.o (__divmodsi4)
c:/program files (x86)/atmel/studio/7.0/toolchain/avr8/avr8-gnu-toolchain/bin/../lib/gcc/avr/5.4.0/avr4\libgcc.a(_negsi2.o)
                              c:/program files (x86)/atmel/studio/7.0/toolchain/avr8/avr8-gnu-toolchain/bin/../lib/gcc/avr/5.4.0/avr4\libgcc.a(_divmodsi4.o) (__negsi2)
c:/program files (x86)/atmel/studio/7.0/toolchain/avr8/avr8-gnu-toolchain/bin/../lib/gcc/avr/5.4.0/avr4\libgcc.a(_exit.o)
                              C:/Program Files (x86)/Atmel/Studio/7.0/Packs/atmel/ATmega_DFP/1.3.300/gcc/dev/atmega88p/avr4/crtatmega88p.o (exit)
c:/program files (x86)/atmel/studio/7.0/toolchain/avr8/avr8-gnu-toolchain/bin/../lib/gcc/avr/5.4.0/avr4\libgcc.a(_copy_data.o)
                              Logic/display_extensions.o (__do_copy_data)
c:/program files (x86)/atmel/studio/7.0/toolchain/avr8/avr8-gnu-toolchain/bin/../lib/gcc/avr/5.4.0/avr4\libgcc.a(_clear_bss.o)
                              External/display.o (__do_clear_bss)
c:/program files (x86)/atmel/studio/7.0/toolchain/avr8/avr8-gnu-toolchain/bin/../lib/gcc/avr/5.4.0/avr4\libgcc.a(_udivmodhi4.o)
                              c:/program files (x86)/atmel/studio/7.0/toolchain/avr8/avr8-gnu-toolchain/bin/../lib/gcc/avr/5.4.0/avr4\libgcc.a(_divmodhi4.o) (__udivmodhi4)
c:/program files (x86)/atmel/studio/7.0/toolchain/avr8/avr8-gnu-toolchain/bin/../lib/gcc/avr/5.4.0/avr4\libgcc.a(_udivmodsi4.o)
                              c:/program files (x86)/atmel/studio/7.0/toolchain/avr8/avr8-gnu-toolchain/bin/../lib/gcc/avr/5.4.0/avr4\libgcc.a(_divmodsi4.o) (__udivmodsi4)

Allocating common symbols
Common symbol       size              file

ssd1306tx_font_char_base
                    0x1               External/display.o
ssd1306tx_font_src  0x2               External/display.o

Discarded input sections

 .data          0x00000000        0x0 C:/Program Files (x86)/Atmel/Studio/7.0/Packs/atmel/ATmega_DFP/1.3.300/gcc/dev/atmega88p/avr4/crtatmega88p.o
 .bss           0x00000000        0x0 C:/Program Files (x86)/Atmel/Studio/7.0/Packs/atmel/ATmega_DFP/1.3.300/gcc/dev/atmega88p/avr4/crtatmega88p.o
 .text          0x00000000        0x0 External/display.o
 .data          0x00000000        0x0 External/display.o
 .bss           0x00000000        0x0 External/display.o
 .text.ssd1306_fill4
                0x00000000       0x5c External/display.o
 .text.ssd1306_data_byte
                0x00000000        0x6 External/display.o
 .text.ssd1306tx_char
                0x00000000       0x4e External/display.o
 .text.ssd1306tx_string
                0x00000000       0x1c External/display.o
 .text          0x00000000        0x0 External/I2C.o
 .data          0x00000000        0x0 External/I2C.o
 .bss           0x00000000        0x0 External/I2C.o
 .text.I2C_read
                0x00000000       0x1e External/I2C.o
 .text          0x00000000        0x0 Logic/display_extensions.o
 .data          0x00000000        0x0 Logic/display_extensions.o
 .bss           0x00000000        0x0 Logic/display_extensions.o
 .progmem.data.ssd1306xled_font6x8data
                0x00000000      0x228 Logic/display_extensions.o
 .text          0x00000000        0x0 Logic/menu.o
 .data          0x00000000        0x0 Logic/menu.o
 .bss           0x00000000        0x0 Logic/menu.o
 .debug_line    0x00000000        0x0 Logic/menu.o
 .debug_str     0x00000000       0xe4 Logic/menu.o
 .comment       0x00000000       0x31 Logic/menu.o
 .text          0x00000000        0x0 Logic/time.o
 .data          0x00000000        0x0 Logic/time.o
 .bss           0x00000000        0x0 Logic/time.o
 .text.add_number
                0x00000000        0xe Logic/time.o
 .text.subtract_number
                0x00000000        0xa Logic/time.o
 .text          0x00000000        0x0 main.o
 .data          0x00000000        0x0 main.o
 .bss           0x00000000        0x0 main.o
 .text.display_dashboard
                0x00000000        0x2 main.o
 .text.display_temperature
                0x00000000        0x2 main.o
 .bss.hourChanged
                0x00000000        0x1 main.o
 .bss.minuteChanged
                0x00000000        0x1 main.o
 .text          0x00000000        0x0 Views/clock.o
 .data          0x00000000        0x0 Views/clock.o
 .bss           0x00000000        0x0 Views/clock.o
 .text          0x00000000        0x0 Views/timer.o
 .data          0x00000000        0x0 Views/timer.o
 .bss           0x00000000        0x0 Views/timer.o
 .debug_line    0x00000000        0x0 Views/timer.o
 .debug_str     0x00000000       0xe5 Views/timer.o
 .comment       0x00000000       0x31 Views/timer.o
 .text          0x00000000        0x0 c:/program files (x86)/atmel/studio/7.0/toolchain/avr8/avr8-gnu-toolchain/bin/../lib/gcc/avr/5.4.0/avr4\libgcc.a(_divmodhi4.o)
 .data          0x00000000        0x0 c:/program files (x86)/atmel/studio/7.0/toolchain/avr8/avr8-gnu-toolchain/bin/../lib/gcc/avr/5.4.0/avr4\libgcc.a(_divmodhi4.o)
 .bss           0x00000000        0x0 c:/program files (x86)/atmel/studio/7.0/toolchain/avr8/avr8-gnu-toolchain/bin/../lib/gcc/avr/5.4.0/avr4\libgcc.a(_divmodhi4.o)
 .text.libgcc.mul
                0x00000000        0x0 c:/program files (x86)/atmel/studio/7.0/toolchain/avr8/avr8-gnu-toolchain/bin/../lib/gcc/avr/5.4.0/avr4\libgcc.a(_divmodhi4.o)
 .text.libgcc   0x00000000        0x0 c:/program files (x86)/atmel/studio/7.0/toolchain/avr8/avr8-gnu-toolchain/bin/../lib/gcc/avr/5.4.0/avr4\libgcc.a(_divmodhi4.o)
 .text.libgcc.prologue
                0x00000000        0x0 c:/program files (x86)/atmel/studio/7.0/toolchain/avr8/avr8-gnu-toolchain/bin/../lib/gcc/avr/5.4.0/avr4\libgcc.a(_divmodhi4.o)
 .text.libgcc.builtins
                0x00000000        0x0 c:/program files (x86)/atmel/studio/7.0/toolchain/avr8/avr8-gnu-toolchain/bin/../lib/gcc/avr/5.4.0/avr4\libgcc.a(_divmodhi4.o)
 .text.libgcc.fmul
                0x00000000        0x0 c:/program files (x86)/atmel/studio/7.0/toolchain/avr8/avr8-gnu-toolchain/bin/../lib/gcc/avr/5.4.0/avr4\libgcc.a(_divmodhi4.o)
 .text.libgcc.fixed
                0x00000000        0x0 c:/program files (x86)/atmel/studio/7.0/toolchain/avr8/avr8-gnu-toolchain/bin/../lib/gcc/avr/5.4.0/avr4\libgcc.a(_divmodhi4.o)
 .text          0x00000000        0x0 c:/program files (x86)/atmel/studio/7.0/toolchain/avr8/avr8-gnu-toolchain/bin/../lib/gcc/avr/5.4.0/avr4\libgcc.a(_divmodsi4.o)
 .data          0x00000000        0x0 c:/program files (x86)/atmel/studio/7.0/toolchain/avr8/avr8-gnu-toolchain/bin/../lib/gcc/avr/5.4.0/avr4\libgcc.a(_divmodsi4.o)
 .bss           0x00000000        0x0 c:/program files (x86)/atmel/studio/7.0/toolchain/avr8/avr8-gnu-toolchain/bin/../lib/gcc/avr/5.4.0/avr4\libgcc.a(_divmodsi4.o)
 .text.libgcc.mul
                0x00000000        0x0 c:/program files (x86)/atmel/studio/7.0/toolchain/avr8/avr8-gnu-toolchain/bin/../lib/gcc/avr/5.4.0/avr4\libgcc.a(_divmodsi4.o)
 .text.libgcc   0x00000000        0x0 c:/program files (x86)/atmel/studio/7.0/toolchain/avr8/avr8-gnu-toolchain/bin/../lib/gcc/avr/5.4.0/avr4\libgcc.a(_divmodsi4.o)
 .text.libgcc.prologue
                0x00000000        0x0 c:/program files (x86)/atmel/studio/7.0/toolchain/avr8/avr8-gnu-toolchain/bin/../lib/gcc/avr/5.4.0/avr4\libgcc.a(_divmodsi4.o)
 .text.libgcc.builtins
                0x00000000        0x0 c:/program files (x86)/atmel/studio/7.0/toolchain/avr8/avr8-gnu-toolchain/bin/../lib/gcc/avr/5.4.0/avr4\libgcc.a(_divmodsi4.o)
 .text.libgcc.fmul
                0x00000000        0x0 c:/program files (x86)/atmel/studio/7.0/toolchain/avr8/avr8-gnu-toolchain/bin/../lib/gcc/avr/5.4.0/avr4\libgcc.a(_divmodsi4.o)
 .text.libgcc.fixed
                0x00000000        0x0 c:/program files (x86)/atmel/studio/7.0/toolchain/avr8/avr8-gnu-toolchain/bin/../lib/gcc/avr/5.4.0/avr4\libgcc.a(_divmodsi4.o)
 .text          0x00000000        0x0 c:/program files (x86)/atmel/studio/7.0/toolchain/avr8/avr8-gnu-toolchain/bin/../lib/gcc/avr/5.4.0/avr4\libgcc.a(_negsi2.o)
 .data          0x00000000        0x0 c:/program files (x86)/atmel/studio/7.0/toolchain/avr8/avr8-gnu-toolchain/bin/../lib/gcc/avr/5.4.0/avr4\libgcc.a(_negsi2.o)
 .bss           0x00000000        0x0 c:/program files (x86)/atmel/studio/7.0/toolchain/avr8/avr8-gnu-toolchain/bin/../lib/gcc/avr/5.4.0/avr4\libgcc.a(_negsi2.o)
 .text.libgcc.mul
                0x00000000        0x0 c:/program files (x86)/atmel/studio/7.0/toolchain/avr8/avr8-gnu-toolchain/bin/../lib/gcc/avr/5.4.0/avr4\libgcc.a(_negsi2.o)
 .text.libgcc   0x00000000        0x0 c:/program files (x86)/atmel/studio/7.0/toolchain/avr8/avr8-gnu-toolchain/bin/../lib/gcc/avr/5.4.0/avr4\libgcc.a(_negsi2.o)
 .text.libgcc.prologue
                0x00000000        0x0 c:/program files (x86)/atmel/studio/7.0/toolchain/avr8/avr8-gnu-toolchain/bin/../lib/gcc/avr/5.4.0/avr4\libgcc.a(_negsi2.o)
 .text.libgcc.builtins
                0x00000000        0x0 c:/program files (x86)/atmel/studio/7.0/toolchain/avr8/avr8-gnu-toolchain/bin/../lib/gcc/avr/5.4.0/avr4\libgcc.a(_negsi2.o)
 .text.libgcc.fmul
                0x00000000        0x0 c:/program files (x86)/atmel/studio/7.0/toolchain/avr8/avr8-gnu-toolchain/bin/../lib/gcc/avr/5.4.0/avr4\libgcc.a(_negsi2.o)
 .text.libgcc.fixed
                0x00000000        0x0 c:/program files (x86)/atmel/studio/7.0/toolchain/avr8/avr8-gnu-toolchain/bin/../lib/gcc/avr/5.4.0/avr4\libgcc.a(_negsi2.o)
 .text          0x00000000        0x0 c:/program files (x86)/atmel/studio/7.0/toolchain/avr8/avr8-gnu-toolchain/bin/../lib/gcc/avr/5.4.0/avr4\libgcc.a(_exit.o)
 .data          0x00000000        0x0 c:/program files (x86)/atmel/studio/7.0/toolchain/avr8/avr8-gnu-toolchain/bin/../lib/gcc/avr/5.4.0/avr4\libgcc.a(_exit.o)
 .bss           0x00000000        0x0 c:/program files (x86)/atmel/studio/7.0/toolchain/avr8/avr8-gnu-toolchain/bin/../lib/gcc/avr/5.4.0/avr4\libgcc.a(_exit.o)
 .text.libgcc.mul
                0x00000000        0x0 c:/program files (x86)/atmel/studio/7.0/toolchain/avr8/avr8-gnu-toolchain/bin/../lib/gcc/avr/5.4.0/avr4\libgcc.a(_exit.o)
 .text.libgcc.div
                0x00000000        0x0 c:/program files (x86)/atmel/studio/7.0/toolchain/avr8/avr8-gnu-toolchain/bin/../lib/gcc/avr/5.4.0/avr4\libgcc.a(_exit.o)
 .text.libgcc   0x00000000        0x0 c:/program files (x86)/atmel/studio/7.0/toolchain/avr8/avr8-gnu-toolchain/bin/../lib/gcc/avr/5.4.0/avr4\libgcc.a(_exit.o)
 .text.libgcc.prologue
                0x00000000        0x0 c:/program files (x86)/atmel/studio/7.0/toolchain/avr8/avr8-gnu-toolchain/bin/../lib/gcc/avr/5.4.0/avr4\libgcc.a(_exit.o)
 .text.libgcc.builtins
                0x00000000        0x0 c:/program files (x86)/atmel/studio/7.0/toolchain/avr8/avr8-gnu-toolchain/bin/../lib/gcc/avr/5.4.0/avr4\libgcc.a(_exit.o)
 .text.libgcc.fmul
                0x00000000        0x0 c:/program files (x86)/atmel/studio/7.0/toolchain/avr8/avr8-gnu-toolchain/bin/../lib/gcc/avr/5.4.0/avr4\libgcc.a(_exit.o)
 .text.libgcc.fixed
                0x00000000        0x0 c:/program files (x86)/atmel/studio/7.0/toolchain/avr8/avr8-gnu-toolchain/bin/../lib/gcc/avr/5.4.0/avr4\libgcc.a(_exit.o)
 .text          0x00000000        0x0 c:/program files (x86)/atmel/studio/7.0/toolchain/avr8/avr8-gnu-toolchain/bin/../lib/gcc/avr/5.4.0/avr4\libgcc.a(_copy_data.o)
 .data          0x00000000        0x0 c:/program files (x86)/atmel/studio/7.0/toolchain/avr8/avr8-gnu-toolchain/bin/../lib/gcc/avr/5.4.0/avr4\libgcc.a(_copy_data.o)
 .bss           0x00000000        0x0 c:/program files (x86)/atmel/studio/7.0/toolchain/avr8/avr8-gnu-toolchain/bin/../lib/gcc/avr/5.4.0/avr4\libgcc.a(_copy_data.o)
 .text.libgcc.mul
                0x00000000        0x0 c:/program files (x86)/atmel/studio/7.0/toolchain/avr8/avr8-gnu-toolchain/bin/../lib/gcc/avr/5.4.0/avr4\libgcc.a(_copy_data.o)
 .text.libgcc.div
                0x00000000        0x0 c:/program files (x86)/atmel/studio/7.0/toolchain/avr8/avr8-gnu-toolchain/bin/../lib/gcc/avr/5.4.0/avr4\libgcc.a(_copy_data.o)
 .text.libgcc   0x00000000        0x0 c:/program files (x86)/atmel/studio/7.0/toolchain/avr8/avr8-gnu-toolchain/bin/../lib/gcc/avr/5.4.0/avr4\libgcc.a(_copy_data.o)
 .text.libgcc.prologue
                0x00000000        0x0 c:/program files (x86)/atmel/studio/7.0/toolchain/avr8/avr8-gnu-toolchain/bin/../lib/gcc/avr/5.4.0/avr4\libgcc.a(_copy_data.o)
 .text.libgcc.builtins
                0x00000000        0x0 c:/program files (x86)/atmel/studio/7.0/toolchain/avr8/avr8-gnu-toolchain/bin/../lib/gcc/avr/5.4.0/avr4\libgcc.a(_copy_data.o)
 .text.libgcc.fmul
                0x00000000        0x0 c:/program files (x86)/atmel/studio/7.0/toolchain/avr8/avr8-gnu-toolchain/bin/../lib/gcc/avr/5.4.0/avr4\libgcc.a(_copy_data.o)
 .text.libgcc.fixed
                0x00000000        0x0 c:/program files (x86)/atmel/studio/7.0/toolchain/avr8/avr8-gnu-toolchain/bin/../lib/gcc/avr/5.4.0/avr4\libgcc.a(_copy_data.o)
 .text          0x00000000        0x0 c:/program files (x86)/atmel/studio/7.0/toolchain/avr8/avr8-gnu-toolchain/bin/../lib/gcc/avr/5.4.0/avr4\libgcc.a(_clear_bss.o)
 .data          0x00000000        0x0 c:/program files (x86)/atmel/studio/7.0/toolchain/avr8/avr8-gnu-toolchain/bin/../lib/gcc/avr/5.4.0/avr4\libgcc.a(_clear_bss.o)
 .bss           0x00000000        0x0 c:/program files (x86)/atmel/studio/7.0/toolchain/avr8/avr8-gnu-toolchain/bin/../lib/gcc/avr/5.4.0/avr4\libgcc.a(_clear_bss.o)
 .text.libgcc.mul
                0x00000000        0x0 c:/program files (x86)/atmel/studio/7.0/toolchain/avr8/avr8-gnu-toolchain/bin/../lib/gcc/avr/5.4.0/avr4\libgcc.a(_clear_bss.o)
 .text.libgcc.div
                0x00000000        0x0 c:/program files (x86)/atmel/studio/7.0/toolchain/avr8/avr8-gnu-toolchain/bin/../lib/gcc/avr/5.4.0/avr4\libgcc.a(_clear_bss.o)
 .text.libgcc   0x00000000        0x0 c:/program files (x86)/atmel/studio/7.0/toolchain/avr8/avr8-gnu-toolchain/bin/../lib/gcc/avr/5.4.0/avr4\libgcc.a(_clear_bss.o)
 .text.libgcc.prologue
                0x00000000        0x0 c:/program files (x86)/atmel/studio/7.0/toolchain/avr8/avr8-gnu-toolchain/bin/../lib/gcc/avr/5.4.0/avr4\libgcc.a(_clear_bss.o)
 .text.libgcc.builtins
                0x00000000        0x0 c:/program files (x86)/atmel/studio/7.0/toolchain/avr8/avr8-gnu-toolchain/bin/../lib/gcc/avr/5.4.0/avr4\libgcc.a(_clear_bss.o)
 .text.libgcc.fmul
                0x00000000        0x0 c:/program files (x86)/atmel/studio/7.0/toolchain/avr8/avr8-gnu-toolchain/bin/../lib/gcc/avr/5.4.0/avr4\libgcc.a(_clear_bss.o)
 .text.libgcc.fixed
                0x00000000        0x0 c:/program files (x86)/atmel/studio/7.0/toolchain/avr8/avr8-gnu-toolchain/bin/../lib/gcc/avr/5.4.0/avr4\libgcc.a(_clear_bss.o)
 .text          0x00000000        0x0 c:/program files (x86)/atmel/studio/7.0/toolchain/avr8/avr8-gnu-toolchain/bin/../lib/gcc/avr/5.4.0/avr4\libgcc.a(_udivmodhi4.o)
 .data          0x00000000        0x0 c:/program files (x86)/atmel/studio/7.0/toolchain/avr8/avr8-gnu-toolchain/bin/../lib/gcc/avr/5.4.0/avr4\libgcc.a(_udivmodhi4.o)
 .bss           0x00000000        0x0 c:/program files (x86)/atmel/studio/7.0/toolchain/avr8/avr8-gnu-toolchain/bin/../lib/gcc/avr/5.4.0/avr4\libgcc.a(_udivmodhi4.o)
 .text.libgcc.mul
                0x00000000        0x0 c:/program files (x86)/atmel/studio/7.0/toolchain/avr8/avr8-gnu-toolchain/bin/../lib/gcc/avr/5.4.0/avr4\libgcc.a(_udivmodhi4.o)
 .text.libgcc   0x00000000        0x0 c:/program files (x86)/atmel/studio/7.0/toolchain/avr8/avr8-gnu-toolchain/bin/../lib/gcc/avr/5.4.0/avr4\libgcc.a(_udivmodhi4.o)
 .text.libgcc.prologue
                0x00000000        0x0 c:/program files (x86)/atmel/studio/7.0/toolchain/avr8/avr8-gnu-toolchain/bin/../lib/gcc/avr/5.4.0/avr4\libgcc.a(_udivmodhi4.o)
 .text.libgcc.builtins
                0x00000000        0x0 c:/program files (x86)/atmel/studio/7.0/toolchain/avr8/avr8-gnu-toolchain/bin/../lib/gcc/avr/5.4.0/avr4\libgcc.a(_udivmodhi4.o)
 .text.libgcc.fmul
                0x00000000        0x0 c:/program files (x86)/atmel/studio/7.0/toolchain/avr8/avr8-gnu-toolchain/bin/../lib/gcc/avr/5.4.0/avr4\libgcc.a(_udivmodhi4.o)
 .text.libgcc.fixed
                0x00000000        0x0 c:/program files (x86)/atmel/studio/7.0/toolchain/avr8/avr8-gnu-toolchain/bin/../lib/gcc/avr/5.4.0/avr4\libgcc.a(_udivmodhi4.o)
 .text          0x00000000        0x0 c:/program files (x86)/atmel/studio/7.0/toolchain/avr8/avr8-gnu-toolchain/bin/../lib/gcc/avr/5.4.0/avr4\libgcc.a(_udivmodsi4.o)
 .data          0x00000000        0x0 c:/program files (x86)/atmel/studio/7.0/toolchain/avr8/avr8-gnu-toolchain/bin/../lib/gcc/avr/5.4.0/avr4\libgcc.a(_udivmodsi4.o)
 .bss           0x00000000        0x0 c:/program files (x86)/atmel/studio/7.0/toolchain/avr8/avr8-gnu-toolchain/bin/../lib/gcc/avr/5.4.0/avr4\libgcc.a(_udivmodsi4.o)
 .text.libgcc.mul
                0x00000000        0x0 c:/program files (x86)/atmel/studio/7.0/toolchain/avr8/avr8-gnu-toolchain/bin/../lib/gcc/avr/5.4.0/avr4\libgcc.a(_udivmodsi4.o)
 .text.libgcc   0x00000000        0x0 c:/program files (x86)/atmel/studio/7.0/toolchain/avr8/avr8-gnu-toolchain/bin/../lib/gcc/avr/5.4.0/avr4\libgcc.a(_udivmodsi4.o)
 .text.libgcc.prologue
                0x00000000        0x0 c:/program files (x86)/atmel/studio/7.0/toolchain/avr8/avr8-gnu-toolchain/bin/../lib/gcc/avr/5.4.0/avr4\libgcc.a(_udivmodsi4.o)
 .text.libgcc.builtins
                0x00000000        0x0 c:/program files (x86)/atmel/studio/7.0/toolchain/avr8/avr8-gnu-toolchain/bin/../lib/gcc/avr/5.4.0/avr4\libgcc.a(_udivmodsi4.o)
 .text.libgcc.fmul
                0x00000000        0x0 c:/program files (x86)/atmel/studio/7.0/toolchain/avr8/avr8-gnu-toolchain/bin/../lib/gcc/avr/5.4.0/avr4\libgcc.a(_udivmodsi4.o)
 .text.libgcc.fixed
                0x00000000        0x0 c:/program files (x86)/atmel/studio/7.0/toolchain/avr8/avr8-gnu-toolchain/bin/../lib/gcc/avr/5.4.0/avr4\libgcc.a(_udivmodsi4.o)

Memory Configuration

Name             Origin             Length             Attributes
text             0x00000000         0x00002000         xr
data             0x00800060         0x0000ffa0         rw !x
eeprom           0x00810000         0x00010000         rw !x
fuse             0x00820000         0x00000003         rw !x
lock             0x00830000         0x00000400         rw !x
signature        0x00840000         0x00000400         rw !x
user_signatures  0x00850000         0x00000400         rw !x
*default*        0x00000000         0xffffffff

Linker script and memory map

Address of section .data set to 0x800100
LOAD C:/Program Files (x86)/Atmel/Studio/7.0/Packs/atmel/ATmega_DFP/1.3.300/gcc/dev/atmega88p/avr4/crtatmega88p.o
LOAD External/display.o
LOAD External/I2C.o
LOAD Logic/display_extensions.o
LOAD Logic/menu.o
LOAD Logic/time.o
LOAD main.o
LOAD Views/clock.o
LOAD Views/timer.o
START GROUP
LOAD c:/program files (x86)/atmel/studio/7.0/toolchain/avr8/avr8-gnu-toolchain/bin/../lib/gcc/avr/5.4.0/../../../../avr/lib/avr4\libm.a
END GROUP
START GROUP
LOAD c:/program files (x86)/atmel/studio/7.0/toolchain/avr8/avr8-gnu-toolchain/bin/../lib/gcc/avr/5.4.0/avr4\libgcc.a
LOAD c:/program files (x86)/atmel/studio/7.0/toolchain/avr8/avr8-gnu-toolchain/bin/../lib/gcc/avr/5.4.0/../../../../avr/lib/avr4\libm.a
LOAD c:/program files (x86)/atmel/studio/7.0/toolchain/avr8/avr8-gnu-toolchain/bin/../lib/gcc/avr/5.4.0/../../../../avr/lib/avr4\libc.a
LOAD C:/Program Files (x86)/Atmel/Studio/7.0/Packs/atmel/ATmega_DFP/1.3.300/gcc/dev/atmega88p/avr4\libatmega88p.a
END GROUP
                0x00000000                __TEXT_REGION_ORIGIN__ = DEFINED (__TEXT_REGION_ORIGIN__)?__TEXT_REGION_ORIGIN__:0x0
                0x00800060                __DATA_REGION_ORIGIN__ = DEFINED (__DATA_REGION_ORIGIN__)?__DATA_REGION_ORIGIN__:0x800060
                0x00002000                __TEXT_REGION_LENGTH__ = DEFINED (__TEXT_REGION_LENGTH__)?__TEXT_REGION_LENGTH__:0x2000
                0x0000ffa0                __DATA_REGION_LENGTH__ = DEFINED (__DATA_REGION_LENGTH__)?__DATA_REGION_LENGTH__:0xffa0
                0x00010000                __EEPROM_REGION_LENGTH__ = DEFINED (__EEPROM_REGION_LENGTH__)?__EEPROM_REGION_LENGTH__:0x10000
                [0x00000003]                __FUSE_REGION_LENGTH__ = DEFINED (__FUSE_REGION_LENGTH__)?__FUSE_REGION_LENGTH__:0x400
                0x00000400                __LOCK_REGION_LENGTH__ = DEFINED (__LOCK_REGION_LENGTH__)?__LOCK_REGION_LENGTH__:0x400
                0x00000400                __SIGNATURE_REGION_LENGTH__ = DEFINED (__SIGNATURE_REGION_LENGTH__)?__SIGNATURE_REGION_LENGTH__:0x400
                0x00000400                __USER_SIGNATURE_REGION_LENGTH__ = DEFINED (__USER_SIGNATURE_REGION_LENGTH__)?__USER_SIGNATURE_REGION_LENGTH__:0x400

.hash
 *(.hash)

.dynsym
 *(.dynsym)

.dynstr
 *(.dynstr)

.gnu.version
 *(.gnu.version)

.gnu.version_d
 *(.gnu.version_d)

.gnu.version_r
 *(.gnu.version_r)

.rel.init
 *(.rel.init)

.rela.init
 *(.rela.init)

.rel.text
 *(.rel.text)
 *(.rel.text.*)
 *(.rel.gnu.linkonce.t*)

.rela.text
 *(.rela.text)
 *(.rela.text.*)
 *(.rela.gnu.linkonce.t*)

.rel.fini
 *(.rel.fini)

.rela.fini
 *(.rela.fini)

.rel.rodata
 *(.rel.rodata)
 *(.rel.rodata.*)
 *(.rel.gnu.linkonce.r*)

.rela.rodata
 *(.rela.rodata)
 *(.rela.rodata.*)
 *(.rela.gnu.linkonce.r*)

.rel.data
 *(.rel.data)
 *(.rel.data.*)
 *(.rel.gnu.linkonce.d*)

.rela.data
 *(.rela.data)
 *(.rela.data.*)
 *(.rela.gnu.linkonce.d*)

.rel.ctors
 *(.rel.ctors)

.rela.ctors
 *(.rela.ctors)

.rel.dtors
 *(.rel.dtors)

.rela.dtors
 *(.rela.dtors)

.rel.got
 *(.rel.got)

.rela.got
 *(.rela.got)

.rel.bss
 *(.rel.bss)

.rela.bss
 *(.rela.bss)

.rel.plt
 *(.rel.plt)

.rela.plt
 *(.rela.plt)

.text           0x00000000     0x1352
 *(.vectors)
 .vectors       0x00000000       0x34 C:/Program Files (x86)/Atmel/Studio/7.0/Packs/atmel/ATmega_DFP/1.3.300/gcc/dev/atmega88p/avr4/crtatmega88p.o
                0x00000000                __vector_default
                0x00000000                __vectors
 *(.vectors)
 *(.progmem.gcc*)
                0x00000034                . = ALIGN (0x2)
                0x00000034                __trampolines_start = .
 *(.trampolines)
 .trampolines   0x00000034        0x0 linker stubs
 *(.trampolines*)
                0x00000034                __trampolines_end = .
 *libprintf_flt.a:*(.progmem.data)
 *libc.a:*(.progmem.data)
 *(.progmem*)
 .progmem.data.ssd1306_init_sequence
                0x00000034       0x20 External/display.o
                0x00000034                ssd1306_init_sequence
 .progmem.data.number9
                0x00000054       0x60 Logic/display_extensions.o
                0x00000054                number9
 .progmem.data.number8
                0x000000b4       0x60 Logic/display_extensions.o
                0x000000b4                number8
 .progmem.data.number7
                0x00000114       0x60 Logic/display_extensions.o
                0x00000114                number7
 .progmem.data.number6
                0x00000174       0x60 Logic/display_extensions.o
                0x00000174                number6
 .progmem.data.number5
                0x000001d4       0x60 Logic/display_extensions.o
                0x000001d4                number5
 .progmem.data.number4
                0x00000234       0x60 Logic/display_extensions.o
                0x00000234                number4
 .progmem.data.number3
                0x00000294       0x60 Logic/display_extensions.o
                0x00000294                number3
 .progmem.data.number2
                0x000002f4       0x60 Logic/display_extensions.o
                0x000002f4                number2
 .progmem.data.number1
                0x00000354       0x60 Logic/display_extensions.o
                0x00000354                number1
 .progmem.data.number0
                0x000003b4       0x60 Logic/display_extensions.o
                0x000003b4                number0
 .progmem.data.ssd1306xled_font8x16data
                0x00000414      0x5f0 Logic/display_extensions.o
                0x00000414                ssd1306xled_font8x16data
                0x00000a04                . = ALIGN (0x2)
 *(.jumptables)
 *(.jumptables*)
 *(.lowtext)
 *(.lowtext*)
                0x00000a04                __ctors_start = .
 *(.ctors)
                0x00000a04                __ctors_end = .
                0x00000a04                __dtors_start = .
 *(.dtors)
                0x00000a04                __dtors_end = .
 SORT(*)(.ctors)
 SORT(*)(.dtors)
 *(.init0)
 .init0         0x00000a04        0x0 C:/Program Files (x86)/Atmel/Studio/7.0/Packs/atmel/ATmega_DFP/1.3.300/gcc/dev/atmega88p/avr4/crtatmega88p.o
                0x00000a04                __init
 *(.init0)
 *(.init1)
 *(.init1)
 *(.init2)
 .init2         0x00000a04        0xc C:/Program Files (x86)/Atmel/Studio/7.0/Packs/atmel/ATmega_DFP/1.3.300/gcc/dev/atmega88p/avr4/crtatmega88p.o
 *(.init2)
 *(.init3)
 *(.init3)
 *(.init4)
 .init4         0x00000a10       0x16 c:/program files (x86)/atmel/studio/7.0/toolchain/avr8/avr8-gnu-toolchain/bin/../lib/gcc/avr/5.4.0/avr4\libgcc.a(_copy_data.o)
                0x00000a10                __do_copy_data
 .init4         0x00000a26       0x10 c:/program files (x86)/atmel/studio/7.0/toolchain/avr8/avr8-gnu-toolchain/bin/../lib/gcc/avr/5.4.0/avr4\libgcc.a(_clear_bss.o)
                0x00000a26                __do_clear_bss
 *(.init4)
 *(.init5)
 *(.init5)
 *(.init6)
 *(.init6)
 *(.init7)
 *(.init7)
 *(.init8)
 *(.init8)
 *(.init9)
 .init9         0x00000a36        0x4 C:/Program Files (x86)/Atmel/Studio/7.0/Packs/atmel/ATmega_DFP/1.3.300/gcc/dev/atmega88p/avr4/crtatmega88p.o
 *(.init9)
 *(.text)
 .text          0x00000a3a        0x2 C:/Program Files (x86)/Atmel/Studio/7.0/Packs/atmel/ATmega_DFP/1.3.300/gcc/dev/atmega88p/avr4/crtatmega88p.o
                0x00000a3a                __vector_22
                0x00000a3a                __vector_1
                0x00000a3a                __vector_24
                0x00000a3a                __vector_12
                0x00000a3a                __bad_interrupt
                0x00000a3a                __vector_6
                0x00000a3a                __vector_3
                0x00000a3a                __vector_23
                0x00000a3a                __vector_25
                0x00000a3a                __vector_13
                0x00000a3a                __vector_17
                0x00000a3a                __vector_19
                0x00000a3a                __vector_7
                0x00000a3a                __vector_5
                0x00000a3a                __vector_4
                0x00000a3a                __vector_9
                0x00000a3a                __vector_2
                0x00000a3a                __vector_21
                0x00000a3a                __vector_15
                0x00000a3a                __vector_8
                0x00000a3a                __vector_14
                0x00000a3a                __vector_10
                0x00000a3a                __vector_16
                0x00000a3a                __vector_18
                0x00000a3a                __vector_20
                0x00000a3c                . = ALIGN (0x2)
 *(.text.*)
 .text.ssd1306_start_command
                0x00000a3c       0x10 External/display.o
                0x00000a3c                ssd1306_start_command
 .text.ssd1306_start_data
                0x00000a4c       0x10 External/display.o
                0x00000a4c                ssd1306_start_data
 .text.ssd1306_init
                0x00000a5c       0x2e External/display.o
                0x00000a5c                ssd1306_init
 .text.ssd1306_setpos
                0x00000a8a       0x30 External/display.o
                0x00000a8a                ssd1306_setpos
 .text.ssd1306_stop
                0x00000aba        0x4 External/display.o
                0x00000aba                ssd1306_stop
 .text.ssd1306_draw_bmp
                0x00000abe       0x8c External/display.o
                0x00000abe                ssd1306_draw_bmp
 .text.ssd1306_clear_display
                0x00000b4a       0x26 External/display.o
                0x00000b4a                ssd1306_clear_display
 .text.ssd1306tx_init
                0x00000b70        0xe External/display.o
                0x00000b70                ssd1306tx_init
 .text.ssd1306tx_stringxy
                0x00000b7e       0xca External/display.o
                0x00000b7e                ssd1306tx_stringxy
 .text.I2C_Initialize
                0x00000c48       0x2e External/I2C.o
                0x00000c48                I2C_Initialize
 .text.I2C_start
                0x00000c76       0x12 External/I2C.o
                0x00000c76                I2C_start
 .text.I2C_stop
                0x00000c88       0x12 External/I2C.o
                0x00000c88                I2C_stop
 .text.I2C_write
                0x00000c9a       0x16 External/I2C.o
                0x00000c9a                I2C_write
 .text.display_init
                0x00000cb0       0x1e Logic/display_extensions.o
                0x00000cb0                display_init
 .text.numberToCharArray
                0x00000cce       0x7a Logic/display_extensions.o
                0x00000cce                numberToCharArray
 .text.draw_digit
                0x00000d48       0x2a Logic/display_extensions.o
                0x00000d48                draw_digit
 .text.draw_number
                0x00000d72       0x4e Logic/display_extensions.o
                0x00000d72                draw_number
 .text.draw_string
                0x00000dc0        0xe Logic/display_extensions.o
                0x00000dc0                draw_string
 .text.draw_clock
                0x00000dce       0x50 Logic/display_extensions.o
                0x00000dce                draw_clock
 .text.add_hour
                0x00000e1e        0xe Logic/time.o
                0x00000e1e                add_hour
 .text.add_minute
                0x00000e2c        0xe Logic/time.o
                0x00000e2c                add_minute
 .text.add_second
                0x00000e3a        0xe Logic/time.o
                0x00000e3a                add_second
 .text.subtract_hour
                0x00000e48        0xa Logic/time.o
                0x00000e48                subtract_hour
 .text.subtract_minute
                0x00000e52        0xa Logic/time.o
                0x00000e52                subtract_minute
 .text.display_timer_set
                0x00000e5c       0x3a main.o
                0x00000e5c                display_timer_set
 .text.display_timer
                0x00000e96       0x36 main.o
                0x00000e96                display_timer
 .text.display_clock_set
                0x00000ecc       0x3a main.o
                0x00000ecc                display_clock_set
 .text.run      0x00000f06       0x54 main.o
                0x00000f06                run
 .text.switch_menu
                0x00000f5a       0x20 main.o
                0x00000f5a                switch_menu
 .text.port_init
                0x00000f7a       0x2a main.o
                0x00000f7a                port_init
 .text.refreshBools
                0x00000fa4       0x3e main.o
                0x00000fa4                refreshBools
 .text.main     0x00000fe2      0x1c6 main.o
                0x00000fe2                main
 .text.__vector_11
                0x000011a8       0x46 main.o
                0x000011a8                __vector_11
 .text.trigger  0x000011ee       0x5c Views/clock.o
                0x000011ee                trigger
 .text.display_clock
                0x0000124a       0x3a Views/clock.o
                0x0000124a                display_clock
 .text.libgcc.div
                0x00001284       0x26 c:/program files (x86)/atmel/studio/7.0/toolchain/avr8/avr8-gnu-toolchain/bin/../lib/gcc/avr/5.4.0/avr4\libgcc.a(_divmodhi4.o)
                0x00001284                _div
                0x00001284                __divmodhi4
 .text.libgcc.div
                0x000012aa       0x28 c:/program files (x86)/atmel/studio/7.0/toolchain/avr8/avr8-gnu-toolchain/bin/../lib/gcc/avr/5.4.0/avr4\libgcc.a(_divmodsi4.o)
                0x000012aa                __divmodsi4
 .text.libgcc.div
                0x000012d2       0x10 c:/program files (x86)/atmel/studio/7.0/toolchain/avr8/avr8-gnu-toolchain/bin/../lib/gcc/avr/5.4.0/avr4\libgcc.a(_negsi2.o)
                0x000012d2                __negsi2
 .text.libgcc.div
                0x000012e2       0x28 c:/program files (x86)/atmel/studio/7.0/toolchain/avr8/avr8-gnu-toolchain/bin/../lib/gcc/avr/5.4.0/avr4\libgcc.a(_udivmodhi4.o)
                0x000012e2                __udivmodhi4
 .text.libgcc.div
                0x0000130a       0x44 c:/program files (x86)/atmel/studio/7.0/toolchain/avr8/avr8-gnu-toolchain/bin/../lib/gcc/avr/5.4.0/avr4\libgcc.a(_udivmodsi4.o)
                0x0000130a                __udivmodsi4
                0x0000134e                . = ALIGN (0x2)
 *(.fini9)
 .fini9         0x0000134e        0x0 c:/program files (x86)/atmel/studio/7.0/toolchain/avr8/avr8-gnu-toolchain/bin/../lib/gcc/avr/5.4.0/avr4\libgcc.a(_exit.o)
                0x0000134e                _exit
                0x0000134e                exit
 *(.fini9)
 *(.fini8)
 *(.fini8)
 *(.fini7)
 *(.fini7)
 *(.fini6)
 *(.fini6)
 *(.fini5)
 *(.fini5)
 *(.fini4)
 *(.fini4)
 *(.fini3)
 *(.fini3)
 *(.fini2)
 *(.fini2)
 *(.fini1)
 *(.fini1)
 *(.fini0)
 .fini0         0x0000134e        0x4 c:/program files (x86)/atmel/studio/7.0/toolchain/avr8/avr8-gnu-toolchain/bin/../lib/gcc/avr/5.4.0/avr4\libgcc.a(_exit.o)
 *(.fini0)
                0x00001352                _etext = .

.data           0x00800100       0x1c load address 0x00001352
                0x00800100                PROVIDE (__data_start, .)
 *(.data)
 *(.data*)
 .data.selected_menu
                0x00800100        0x1 main.o
                0x00800100                selected_menu
 .data.displayMinute
                0x00800101        0x1 main.o
                0x00800101                displayMinute
 .data.displayHour
                0x00800102        0x1 main.o
                0x00800102                displayHour
 .data.selected_hour
                0x00800103        0x1 main.o
                0x00800103                selected_hour
 .data.hour     0x00800104        0x2 Views/clock.o
                0x00800104                hour
 *(.gnu.linkonce.d*)
 *(.rodata)
 *(.rodata*)
 .rodata.str1.1
                0x00800106        0x2 Logic/display_extensions.o
 .rodata.str1.1
                0x00800108       0x14 main.o
                                 0x1a (size before relaxing)
 *(.gnu.linkonce.r*)
                0x0080011c                . = ALIGN (0x2)
                0x0080011c                _edata = .
                0x0080011c                PROVIDE (__data_end, .)

.bss            0x0080011c        0x8
                0x0080011c                PROVIDE (__bss_start, .)
 *(.bss)
 *(.bss*)
 .bss.selected_minute
                0x0080011c        0x1 main.o
                0x0080011c                selected_minute
 .bss.second    0x0080011d        0x2 Views/clock.o
                0x0080011d                second
 .bss.minute    0x0080011f        0x2 Views/clock.o
                0x0080011f                minute
 *(COMMON)
 COMMON         0x00800121        0x3 External/display.o
                0x00800121                ssd1306tx_font_char_base
                0x00800122                ssd1306tx_font_src
                0x00800124                PROVIDE (__bss_end, .)
                0x00001352                __data_load_start = LOADADDR (.data)
                0x0000136e                __data_load_end = (__data_load_start + SIZEOF (.data))

.noinit         0x00800124        0x0
                [!provide]                PROVIDE (__noinit_start, .)
 *(.noinit*)
                [!provide]                PROVIDE (__noinit_end, .)
                0x00800124                _end = .
                [!provide]                PROVIDE (__heap_start, .)

.eeprom         0x00810000        0x0
 *(.eeprom*)
                0x00810000                __eeprom_end = .

.fuse
 *(.fuse)
 *(.lfuse)
 *(.hfuse)
 *(.efuse)

.lock
 *(.lock*)

.signature
 *(.signature*)

.user_signatures
 *(.user_signatures*)

.stab
 *(.stab)

.stabstr
 *(.stabstr)

.stab.excl
 *(.stab.excl)

.stab.exclstr
 *(.stab.exclstr)

.stab.index
 *(.stab.index)

.stab.indexstr
 *(.stab.indexstr)

.comment        0x00000000       0x30
 *(.comment)
 .comment       0x00000000       0x30 External/display.o
                                 0x31 (size before relaxing)
 .comment       0x00000030       0x31 External/I2C.o
 .comment       0x00000030       0x31 Logic/display_extensions.o
 .comment       0x00000030       0x31 Logic/time.o
 .comment       0x00000030       0x31 main.o
 .comment       0x00000030       0x31 Views/clock.o

.note.gnu.avr.deviceinfo
                0x00000000       0x3c
 .note.gnu.avr.deviceinfo
                0x00000000       0x3c C:/Program Files (x86)/Atmel/Studio/7.0/Packs/atmel/ATmega_DFP/1.3.300/gcc/dev/atmega88p/avr4/crtatmega88p.o

.note.gnu.build-id
 *(.note.gnu.build-id)

.debug
 *(.debug)

.line
 *(.line)

.debug_srcinfo
 *(.debug_srcinfo)

.debug_sfnames
 *(.debug_sfnames)

.debug_aranges  0x00000000      0x1f0
 *(.debug_aranges)
 .debug_aranges
                0x00000000       0x80 External/display.o
 .debug_aranges
                0x00000080       0x40 External/I2C.o
 .debug_aranges
                0x000000c0       0x48 Logic/display_extensions.o
 .debug_aranges
                0x00000108       0x50 Logic/time.o
 .debug_aranges
                0x00000158       0x70 main.o
 .debug_aranges
                0x000001c8       0x28 Views/clock.o

.debug_pubnames
 *(.debug_pubnames)

.debug_info     0x00000000     0x23ad
 *(.debug_info .gnu.linkonce.wi.*)
 .debug_info    0x00000000      0x5f4 C:/Program Files (x86)/Atmel/Studio/7.0/Packs/atmel/ATmega_DFP/1.3.300/gcc/dev/atmega88p/avr4/crtatmega88p.o
 .debug_info    0x000005f4      0xa21 External/display.o
 .debug_info    0x00001015      0x131 External/I2C.o
 .debug_info    0x00001146      0x641 Logic/display_extensions.o
 .debug_info    0x00001787      0x267 Logic/time.o
 .debug_info    0x000019ee      0x7d9 main.o
 .debug_info    0x000021c7      0x1e6 Views/clock.o

.debug_abbrev   0x00000000      0xd3b
 *(.debug_abbrev)
 .debug_abbrev  0x00000000      0x5a2 C:/Program Files (x86)/Atmel/Studio/7.0/Packs/atmel/ATmega_DFP/1.3.300/gcc/dev/atmega88p/avr4/crtatmega88p.o
 .debug_abbrev  0x000005a2      0x1ed External/display.o
 .debug_abbrev  0x0000078f       0xb2 External/I2C.o
 .debug_abbrev  0x00000841      0x1ab Logic/display_extensions.o
 .debug_abbrev  0x000009ec       0xbe Logic/time.o
 .debug_abbrev  0x00000aaa      0x1a0 main.o
 .debug_abbrev  0x00000c4a       0xf1 Views/clock.o

.debug_line     0x00000000      0xf7c
 *(.debug_line .debug_line.* .debug_line_end)
 .debug_line    0x00000000      0x133 C:/Program Files (x86)/Atmel/Studio/7.0/Packs/atmel/ATmega_DFP/1.3.300/gcc/dev/atmega88p/avr4/crtatmega88p.o
 .debug_line    0x00000133      0x3af External/display.o
 .debug_line    0x000004e2      0x17b External/I2C.o
 .debug_line    0x0000065d      0x237 Logic/display_extensions.o
 .debug_line    0x00000894      0x145 Logic/time.o
 .debug_line    0x000009d9      0x4d3 main.o
 .debug_line    0x00000eac       0xd0 Views/clock.o

.debug_frame    0x00000000      0x524
 *(.debug_frame)
 .debug_frame   0x00000000      0x1e8 External/display.o
 .debug_frame   0x000001e8       0x64 External/I2C.o
 .debug_frame   0x0000024c       0xd0 Logic/display_extensions.o
 .debug_frame   0x0000031c       0x84 Logic/time.o
 .debug_frame   0x000003a0      0x138 main.o
 .debug_frame   0x000004d8       0x4c Views/clock.o

.debug_str      0x00000000      0x7de
 *(.debug_str)
 .debug_str     0x00000000      0x208 C:/Program Files (x86)/Atmel/Studio/7.0/Packs/atmel/ATmega_DFP/1.3.300/gcc/dev/atmega88p/avr4/crtatmega88p.o
 .debug_str     0x00000208      0x293 External/display.o
                                0x2de (size before relaxing)
 .debug_str     0x0000049b       0x47 External/I2C.o
                                0x1b0 (size before relaxing)
 .debug_str     0x000004e2      0x13b Logic/display_extensions.o
                                0x332 (size before relaxing)
 .debug_str     0x0000061d       0x68 Logic/time.o
                                0x143 (size before relaxing)
 .debug_str     0x00000685      0x13f main.o
                                0x31a (size before relaxing)
 .debug_str     0x000007c4       0x1a Views/clock.o
                                0x16d (size before relaxing)

.debug_loc      0x00000000     0x1721
 *(.debug_loc)
 .debug_loc     0x00000000      0xa1b External/display.o
 .debug_loc     0x00000a1b       0x9d External/I2C.o
 .debug_loc     0x00000ab8      0x518 Logic/display_extensions.o
 .debug_loc     0x00000fd0      0x24e Logic/time.o
 .debug_loc     0x0000121e      0x428 main.o
 .debug_loc     0x00001646       0xdb Views/clock.o

.debug_macinfo
 *(.debug_macinfo)

.debug_weaknames
 *(.debug_weaknames)

.debug_funcnames
 *(.debug_funcnames)

.debug_typenames
 *(.debug_typenames)

.debug_varnames
 *(.debug_varnames)

.debug_pubtypes
 *(.debug_pubtypes)

.debug_ranges   0x00000000      0x190
 *(.debug_ranges)
 .debug_ranges  0x00000000       0x70 External/display.o
 .debug_ranges  0x00000070       0x30 External/I2C.o
 .debug_ranges  0x000000a0       0x38 Logic/display_extensions.o
 .debug_ranges  0x000000d8       0x40 Logic/time.o
 .debug_ranges  0x00000118       0x60 main.o
 .debug_ranges  0x00000178       0x18 Views/clock.o

.debug_macro
 *(.debug_macro)
OUTPUT(meteoMN.elf elf32-avr)
LOAD linker stubs
